23:56:02 **** Build of configuration Debug for project led_push_btn ****
make -j16 all 
Building file: ../startup/startup_stm32f030x8.S
Building file: ../src/main.c
Building file: ../src/stm32f0xx_it.c
Building file: ../src/syscalls.c
Invoking: MCU GCC Compiler
Invoking: MCU GCC Compiler
Invoking: MCU GCC Compiler
Invoking: MCU GCC Compiler
C:\Users\ginuram\Desktop\Dekstop\bare_metal_c\led_push_btn\Debug
arm-none-eabi-gcc -mcpu=cortex-m0 -mthumb -mfloat-abi=soft -DSTM32 -DSTM32F0 -DSTM32F030R8Tx -DNUCLEO_F030R8 -DDEBUG -DSTM32F030x8 -DUSE_HAL_DRIVER -I"C:/Users/ginuram/Desktop/Dekstop/bare_metal_c/led_push_btn/HAL_Driver/Inc/Legacy" -I"C:/Users/ginuram/Desktop/Dekstop/bare_metal_c/led_push_btn/Utilities/STM32F0xx-Nucleo" -I"C:/Users/ginuram/Desktop/Dekstop/bare_metal_c/led_push_btn/inc" -I"C:/Users/ginuram/Desktop/Dekstop/bare_metal_c/led_push_btn/CMSIS/device" -I"C:/Users/ginuram/Desktop/Dekstop/bare_metal_c/led_push_btn/CMSIS/core" -I"C:/Users/ginuram/Desktop/Dekstop/bare_metal_c/led_push_btn/HAL_Driver/Inc" -O0 -g3 -Wall -fmessage-length=0 -ffunction-sections -c -MMD -MP -MF"startup/startup_stm32f030x8.d" -MT"startup/startup_stm32f030x8.o" -o "startup/startup_stm32f030x8.o" "../startup/startup_stm32f030x8.S"
C:\Users\ginuram\Desktop\Dekstop\bare_metal_c\led_push_btn\Debug
C:\Users\ginuram\Desktop\Dekstop\bare_metal_c\led_push_btn\Debug
arm-none-eabi-gcc -mcpu=cortex-m0 -mthumb -mfloat-abi=soft -DSTM32 -DSTM32F0 -DSTM32F030R8Tx -DNUCLEO_F030R8 -DDEBUG -DSTM32F030x8 -DUSE_HAL_DRIVER -I"C:/Users/ginuram/Desktop/Dekstop/bare_metal_c/led_push_btn/HAL_Driver/Inc/Legacy" -I"C:/Users/ginuram/Desktop/Dekstop/bare_metal_c/led_push_btn/Utilities/STM32F0xx-Nucleo" -I"C:/Users/ginuram/Desktop/Dekstop/bare_metal_c/led_push_btn/inc" -I"C:/Users/ginuram/Desktop/Dekstop/bare_metal_c/led_push_btn/CMSIS/device" -I"C:/Users/ginuram/Desktop/Dekstop/bare_metal_c/led_push_btn/CMSIS/core" -I"C:/Users/ginuram/Desktop/Dekstop/bare_metal_c/led_push_btn/HAL_Driver/Inc" -O0 -g3 -Wall -fmessage-length=0 -ffunction-sections -c -MMD -MP -MF"src/main.d" -MT"src/main.o" -o "src/main.o" "../src/main.c"
arm-none-eabi-gcc -mcpu=cortex-m0 -mthumb -mfloat-abi=soft -DSTM32 -DSTM32F0 -DSTM32F030R8Tx -DNUCLEO_F030R8 -DDEBUG -DSTM32F030x8 -DUSE_HAL_DRIVER -I"C:/Users/ginuram/Desktop/Dekstop/bare_metal_c/led_push_btn/HAL_Driver/Inc/Legacy" -I"C:/Users/ginuram/Desktop/Dekstop/bare_metal_c/led_push_btn/Utilities/STM32F0xx-Nucleo" -I"C:/Users/ginuram/Desktop/Dekstop/bare_metal_c/led_push_btn/inc" -I"C:/Users/ginuram/Desktop/Dekstop/bare_metal_c/led_push_btn/CMSIS/device" -I"C:/Users/ginuram/Desktop/Dekstop/bare_metal_c/led_push_btn/CMSIS/core" -I"C:/Users/ginuram/Desktop/Dekstop/bare_metal_c/led_push_btn/HAL_Driver/Inc" -O0 -g3 -Wall -fmessage-length=0 -ffunction-sections -c -MMD -MP -MF"src/stm32f0xx_it.d" -MT"src/stm32f0xx_it.o" -o "src/stm32f0xx_it.o" "../src/stm32f0xx_it.c"
C:\Users\ginuram\Desktop\Dekstop\bare_metal_c\led_push_btn\Debug
arm-none-eabi-gcc -mcpu=cortex-m0 -mthumb -mfloat-abi=soft -DSTM32 -DSTM32F0 -DSTM32F030R8Tx -DNUCLEO_F030R8 -DDEBUG -DSTM32F030x8 -DUSE_HAL_DRIVER -I"C:/Users/ginuram/Desktop/Dekstop/bare_metal_c/led_push_btn/HAL_Driver/Inc/Legacy" -I"C:/Users/ginuram/Desktop/Dekstop/bare_metal_c/led_push_btn/Utilities/STM32F0xx-Nucleo" -I"C:/Users/ginuram/Desktop/Dekstop/bare_metal_c/led_push_btn/inc" -I"C:/Users/ginuram/Desktop/Dekstop/bare_metal_c/led_push_btn/CMSIS/device" -I"C:/Users/ginuram/Desktop/Dekstop/bare_metal_c/led_push_btn/CMSIS/core" -I"C:/Users/ginuram/Desktop/Dekstop/bare_metal_c/led_push_btn/HAL_Driver/Inc" -O0 -g3 -Wall -fmessage-length=0 -ffunction-sections -c -MMD -MP -MF"src/syscalls.d" -MT"src/syscalls.o" -o "src/syscalls.o" "../src/syscalls.c"
Building file: ../src/system_stm32f0xx.c
Building file: ../Utilities/STM32F0xx-Nucleo/stm32f0xx_nucleo.c
Building file: ../HAL_Driver/Src/Legacy/stm32f0xx_hal_can.c
Invoking: MCU GCC Compiler
Building file: ../HAL_Driver/Src/stm32f0xx_hal.c
Invoking: MCU GCC Compiler
Invoking: MCU GCC Compiler
C:\Users\ginuram\Desktop\Dekstop\bare_metal_c\led_push_btn\Debug
Invoking: MCU GCC Compiler
arm-none-eabi-gcc -mcpu=cortex-m0 -mthumb -mfloat-abi=soft -DSTM32 -DSTM32F0 -DSTM32F030R8Tx -DNUCLEO_F030R8 -DDEBUG -DSTM32F030x8 -DUSE_HAL_DRIVER -I"C:/Users/ginuram/Desktop/Dekstop/bare_metal_c/led_push_btn/HAL_Driver/Inc/Legacy" -I"C:/Users/ginuram/Desktop/Dekstop/bare_metal_c/led_push_btn/Utilities/STM32F0xx-Nucleo" -I"C:/Users/ginuram/Desktop/Dekstop/bare_metal_c/led_push_btn/inc" -I"C:/Users/ginuram/Desktop/Dekstop/bare_metal_c/led_push_btn/CMSIS/device" -I"C:/Users/ginuram/Desktop/Dekstop/bare_metal_c/led_push_btn/CMSIS/core" -I"C:/Users/ginuram/Desktop/Dekstop/bare_metal_c/led_push_btn/HAL_Driver/Inc" -O0 -g3 -Wall -fmessage-length=0 -ffunction-sections -c -MMD -MP -MF"src/system_stm32f0xx.d" -MT"src/system_stm32f0xx.o" -o "src/system_stm32f0xx.o" "../src/system_stm32f0xx.c"
Building file: ../HAL_Driver/Src/stm32f0xx_hal_adc.c
C:\Users\ginuram\Desktop\Dekstop\bare_metal_c\led_push_btn\Debug
C:\Users\ginuram\Desktop\Dekstop\bare_metal_c\led_push_btn\Debug
arm-none-eabi-gcc -mcpu=cortex-m0 -mthumb -mfloat-abi=soft -DSTM32 -DSTM32F0 -DSTM32F030R8Tx -DNUCLEO_F030R8 -DDEBUG -DSTM32F030x8 -DUSE_HAL_DRIVER -I"C:/Users/ginuram/Desktop/Dekstop/bare_metal_c/led_push_btn/HAL_Driver/Inc/Legacy" -I"C:/Users/ginuram/Desktop/Dekstop/bare_metal_c/led_push_btn/Utilities/STM32F0xx-Nucleo" -I"C:/Users/ginuram/Desktop/Dekstop/bare_metal_c/led_push_btn/inc" -I"C:/Users/ginuram/Desktop/Dekstop/bare_metal_c/led_push_btn/CMSIS/device" -I"C:/Users/ginuram/Desktop/Dekstop/bare_metal_c/led_push_btn/CMSIS/core" -I"C:/Users/ginuram/Desktop/Dekstop/bare_metal_c/led_push_btn/HAL_Driver/Inc" -O0 -g3 -Wall -fmessage-length=0 -ffunction-sections -c -MMD -MP -MF"Utilities/STM32F0xx-Nucleo/stm32f0xx_nucleo.d" -MT"Utilities/STM32F0xx-Nucleo/stm32f0xx_nucleo.o" -o "Utilities/STM32F0xx-Nucleo/stm32f0xx_nucleo.o" "../Utilities/STM32F0xx-Nucleo/stm32f0xx_nucleo.c"
arm-none-eabi-gcc -mcpu=cortex-m0 -mthumb -mfloat-abi=soft -DSTM32 -DSTM32F0 -DSTM32F030R8Tx -DNUCLEO_F030R8 -DDEBUG -DSTM32F030x8 -DUSE_HAL_DRIVER -I"C:/Users/ginuram/Desktop/Dekstop/bare_metal_c/led_push_btn/HAL_Driver/Inc/Legacy" -I"C:/Users/ginuram/Desktop/Dekstop/bare_metal_c/led_push_btn/Utilities/STM32F0xx-Nucleo" -I"C:/Users/ginuram/Desktop/Dekstop/bare_metal_c/led_push_btn/inc" -I"C:/Users/ginuram/Desktop/Dekstop/bare_metal_c/led_push_btn/CMSIS/device" -I"C:/Users/ginuram/Desktop/Dekstop/bare_metal_c/led_push_btn/CMSIS/core" -I"C:/Users/ginuram/Desktop/Dekstop/bare_metal_c/led_push_btn/HAL_Driver/Inc" -O0 -g3 -Wall -fmessage-length=0 -ffunction-sections -c -MMD -MP -MF"HAL_Driver/Src/Legacy/stm32f0xx_hal_can.d" -MT"HAL_Driver/Src/Legacy/stm32f0xx_hal_can.o" -o "HAL_Driver/Src/Legacy/stm32f0xx_hal_can.o" "../HAL_Driver/Src/Legacy/stm32f0xx_hal_can.c"
C:\Users\ginuram\Desktop\Dekstop\bare_metal_c\led_push_btn\Debug
arm-none-eabi-gcc -mcpu=cortex-m0 -mthumb -mfloat-abi=soft -DSTM32 -DSTM32F0 -DSTM32F030R8Tx -DNUCLEO_F030R8 -DDEBUG -DSTM32F030x8 -DUSE_HAL_DRIVER -I"C:/Users/ginuram/Desktop/Dekstop/bare_metal_c/led_push_btn/HAL_Driver/Inc/Legacy" -I"C:/Users/ginuram/Desktop/Dekstop/bare_metal_c/led_push_btn/Utilities/STM32F0xx-Nucleo" -I"C:/Users/ginuram/Desktop/Dekstop/bare_metal_c/led_push_btn/inc" -I"C:/Users/ginuram/Desktop/Dekstop/bare_metal_c/led_push_btn/CMSIS/device" -I"C:/Users/ginuram/Desktop/Dekstop/bare_metal_c/led_push_btn/CMSIS/core" -I"C:/Users/ginuram/Desktop/Dekstop/bare_metal_c/led_push_btn/HAL_Driver/Inc" -O0 -g3 -Wall -fmessage-length=0 -ffunction-sections -c -MMD -MP -MF"HAL_Driver/Src/stm32f0xx_hal.d" -MT"HAL_Driver/Src/stm32f0xx_hal.o" -o "HAL_Driver/Src/stm32f0xx_hal.o" "../HAL_Driver/Src/stm32f0xx_hal.c"
Invoking: MCU GCC Compiler
C:\Users\ginuram\Desktop\Dekstop\bare_metal_c\led_push_btn\Debug
Building file: ../HAL_Driver/Src/stm32f0xx_hal_adc_ex.c
arm-none-eabi-gcc -mcpu=cortex-m0 -mthumb -mfloat-abi=soft -DSTM32 -DSTM32F0 -DSTM32F030R8Tx -DNUCLEO_F030R8 -DDEBUG -DSTM32F030x8 -DUSE_HAL_DRIVER -I"C:/Users/ginuram/Desktop/Dekstop/bare_metal_c/led_push_btn/HAL_Driver/Inc/Legacy" -I"C:/Users/ginuram/Desktop/Dekstop/bare_metal_c/led_push_btn/Utilities/STM32F0xx-Nucleo" -I"C:/Users/ginuram/Desktop/Dekstop/bare_metal_c/led_push_btn/inc" -I"C:/Users/ginuram/Desktop/Dekstop/bare_metal_c/led_push_btn/CMSIS/device" -I"C:/Users/ginuram/Desktop/Dekstop/bare_metal_c/led_push_btn/CMSIS/core" -I"C:/Users/ginuram/Desktop/Dekstop/bare_metal_c/led_push_btn/HAL_Driver/Inc" -O0 -g3 -Wall -fmessage-length=0 -ffunction-sections -c -MMD -MP -MF"HAL_Driver/Src/stm32f0xx_hal_adc.d" -MT"HAL_Driver/Src/stm32f0xx_hal_adc.o" -o "HAL_Driver/Src/stm32f0xx_hal_adc.o" "../HAL_Driver/Src/stm32f0xx_hal_adc.c"
Building file: ../HAL_Driver/Src/stm32f0xx_hal_can.c
Building file: ../HAL_Driver/Src/stm32f0xx_hal_cec.c
Invoking: MCU GCC Compiler
Invoking: MCU GCC Compiler
Invoking: MCU GCC Compiler
Finished building: ../startup/startup_stm32f030x8.S
C:\Users\ginuram\Desktop\Dekstop\bare_metal_c\led_push_btn\Debug
Building file: ../HAL_Driver/Src/stm32f0xx_hal_comp.c
arm-none-eabi-gcc -mcpu=cortex-m0 -mthumb -mfloat-abi=soft -DSTM32 -DSTM32F0 -DSTM32F030R8Tx -DNUCLEO_F030R8 -DDEBUG -DSTM32F030x8 -DUSE_HAL_DRIVER -I"C:/Users/ginuram/Desktop/Dekstop/bare_metal_c/led_push_btn/HAL_Driver/Inc/Legacy" -I"C:/Users/ginuram/Desktop/Dekstop/bare_metal_c/led_push_btn/Utilities/STM32F0xx-Nucleo" -I"C:/Users/ginuram/Desktop/Dekstop/bare_metal_c/led_push_btn/inc" -I"C:/Users/ginuram/Desktop/Dekstop/bare_metal_c/led_push_btn/CMSIS/device" -I"C:/Users/ginuram/Desktop/Dekstop/bare_metal_c/led_push_btn/CMSIS/core" -I"C:/Users/ginuram/Desktop/Dekstop/bare_metal_c/led_push_btn/HAL_Driver/Inc" -O0 -g3 -Wall -fmessage-length=0 -ffunction-sections -c -MMD -MP -MF"HAL_Driver/Src/stm32f0xx_hal_adc_ex.d" -MT"HAL_Driver/Src/stm32f0xx_hal_adc_ex.o" -o "HAL_Driver/Src/stm32f0xx_hal_adc_ex.o" "../HAL_Driver/Src/stm32f0xx_hal_adc_ex.c"
C:\Users\ginuram\Desktop\Dekstop\bare_metal_c\led_push_btn\Debug
C:\Users\ginuram\Desktop\Dekstop\bare_metal_c\led_push_btn\Debug
arm-none-eabi-gcc -mcpu=cortex-m0 -mthumb -mfloat-abi=soft -DSTM32 -DSTM32F0 -DSTM32F030R8Tx -DNUCLEO_F030R8 -DDEBUG -DSTM32F030x8 -DUSE_HAL_DRIVER -I"C:/Users/ginuram/Desktop/Dekstop/bare_metal_c/led_push_btn/HAL_Driver/Inc/Legacy" -I"C:/Users/ginuram/Desktop/Dekstop/bare_metal_c/led_push_btn/Utilities/STM32F0xx-Nucleo" -I"C:/Users/ginuram/Desktop/Dekstop/bare_metal_c/led_push_btn/inc" -I"C:/Users/ginuram/Desktop/Dekstop/bare_metal_c/led_push_btn/CMSIS/device" -I"C:/Users/ginuram/Desktop/Dekstop/bare_metal_c/led_push_btn/CMSIS/core" -I"C:/Users/ginuram/Desktop/Dekstop/bare_metal_c/led_push_btn/HAL_Driver/Inc" -O0 -g3 -Wall -fmessage-length=0 -ffunction-sections -c -MMD -MP -MF"HAL_Driver/Src/stm32f0xx_hal_can.d" -MT"HAL_Driver/Src/stm32f0xx_hal_can.o" -o "HAL_Driver/Src/stm32f0xx_hal_can.o" "../HAL_Driver/Src/stm32f0xx_hal_can.c"
 
arm-none-eabi-gcc -mcpu=cortex-m0 -mthumb -mfloat-abi=soft -DSTM32 -DSTM32F0 -DSTM32F030R8Tx -DNUCLEO_F030R8 -DDEBUG -DSTM32F030x8 -DUSE_HAL_DRIVER -I"C:/Users/ginuram/Desktop/Dekstop/bare_metal_c/led_push_btn/HAL_Driver/Inc/Legacy" -I"C:/Users/ginuram/Desktop/Dekstop/bare_metal_c/led_push_btn/Utilities/STM32F0xx-Nucleo" -I"C:/Users/ginuram/Desktop/Dekstop/bare_metal_c/led_push_btn/inc" -I"C:/Users/ginuram/Desktop/Dekstop/bare_metal_c/led_push_btn/CMSIS/device" -I"C:/Users/ginuram/Desktop/Dekstop/bare_metal_c/led_push_btn/CMSIS/core" -I"C:/Users/ginuram/Desktop/Dekstop/bare_metal_c/led_push_btn/HAL_Driver/Inc" -O0 -g3 -Wall -fmessage-length=0 -ffunction-sections -c -MMD -MP -MF"HAL_Driver/Src/stm32f0xx_hal_cec.d" -MT"HAL_Driver/Src/stm32f0xx_hal_cec.o" -o "HAL_Driver/Src/stm32f0xx_hal_cec.o" "../HAL_Driver/Src/stm32f0xx_hal_cec.c"
Invoking: MCU GCC Compiler
Building file: ../HAL_Driver/Src/stm32f0xx_hal_cortex.c
C:\Users\ginuram\Desktop\Dekstop\bare_metal_c\led_push_btn\Debug
Building file: ../HAL_Driver/Src/stm32f0xx_hal_crc.c
arm-none-eabi-gcc -mcpu=cortex-m0 -mthumb -mfloat-abi=soft -DSTM32 -DSTM32F0 -DSTM32F030R8Tx -DNUCLEO_F030R8 -DDEBUG -DSTM32F030x8 -DUSE_HAL_DRIVER -I"C:/Users/ginuram/Desktop/Dekstop/bare_metal_c/led_push_btn/HAL_Driver/Inc/Legacy" -I"C:/Users/ginuram/Desktop/Dekstop/bare_metal_c/led_push_btn/Utilities/STM32F0xx-Nucleo" -I"C:/Users/ginuram/Desktop/Dekstop/bare_metal_c/led_push_btn/inc" -I"C:/Users/ginuram/Desktop/Dekstop/bare_metal_c/led_push_btn/CMSIS/device" -I"C:/Users/ginuram/Desktop/Dekstop/bare_metal_c/led_push_btn/CMSIS/core" -I"C:/Users/ginuram/Desktop/Dekstop/bare_metal_c/led_push_btn/HAL_Driver/Inc" -O0 -g3 -Wall -fmessage-length=0 -ffunction-sections -c -MMD -MP -MF"HAL_Driver/Src/stm32f0xx_hal_comp.d" -MT"HAL_Driver/Src/stm32f0xx_hal_comp.o" -o "HAL_Driver/Src/stm32f0xx_hal_comp.o" "../HAL_Driver/Src/stm32f0xx_hal_comp.c"
Building file: ../HAL_Driver/Src/stm32f0xx_hal_crc_ex.c
Invoking: MCU GCC Compiler
Invoking: MCU GCC Compiler
Building file: ../HAL_Driver/Src/stm32f0xx_hal_dac.c
C:\Users\ginuram\Desktop\Dekstop\bare_metal_c\led_push_btn\Debug
Invoking: MCU GCC Compiler
arm-none-eabi-gcc -mcpu=cortex-m0 -mthumb -mfloat-abi=soft -DSTM32 -DSTM32F0 -DSTM32F030R8Tx -DNUCLEO_F030R8 -DDEBUG -DSTM32F030x8 -DUSE_HAL_DRIVER -I"C:/Users/ginuram/Desktop/Dekstop/bare_metal_c/led_push_btn/HAL_Driver/Inc/Legacy" -I"C:/Users/ginuram/Desktop/Dekstop/bare_metal_c/led_push_btn/Utilities/STM32F0xx-Nucleo" -I"C:/Users/ginuram/Desktop/Dekstop/bare_metal_c/led_push_btn/inc" -I"C:/Users/ginuram/Desktop/Dekstop/bare_metal_c/led_push_btn/CMSIS/device" -I"C:/Users/ginuram/Desktop/Dekstop/bare_metal_c/led_push_btn/CMSIS/core" -I"C:/Users/ginuram/Desktop/Dekstop/bare_metal_c/led_push_btn/HAL_Driver/Inc" -O0 -g3 -Wall -fmessage-length=0 -ffunction-sections -c -MMD -MP -MF"HAL_Driver/Src/stm32f0xx_hal_cortex.d" -MT"HAL_Driver/Src/stm32f0xx_hal_cortex.o" -o "HAL_Driver/Src/stm32f0xx_hal_cortex.o" "../HAL_Driver/Src/stm32f0xx_hal_cortex.c"
C:\Users\ginuram\Desktop\Dekstop\bare_metal_c\led_push_btn\Debug
Invoking: MCU GCC Compiler
arm-none-eabi-gcc -mcpu=cortex-m0 -mthumb -mfloat-abi=soft -DSTM32 -DSTM32F0 -DSTM32F030R8Tx -DNUCLEO_F030R8 -DDEBUG -DSTM32F030x8 -DUSE_HAL_DRIVER -I"C:/Users/ginuram/Desktop/Dekstop/bare_metal_c/led_push_btn/HAL_Driver/Inc/Legacy" -I"C:/Users/ginuram/Desktop/Dekstop/bare_metal_c/led_push_btn/Utilities/STM32F0xx-Nucleo" -I"C:/Users/ginuram/Desktop/Dekstop/bare_metal_c/led_push_btn/inc" -I"C:/Users/ginuram/Desktop/Dekstop/bare_metal_c/led_push_btn/CMSIS/device" -I"C:/Users/ginuram/Desktop/Dekstop/bare_metal_c/led_push_btn/CMSIS/core" -I"C:/Users/ginuram/Desktop/Dekstop/bare_metal_c/led_push_btn/HAL_Driver/Inc" -O0 -g3 -Wall -fmessage-length=0 -ffunction-sections -c -MMD -MP -MF"HAL_Driver/Src/stm32f0xx_hal_crc.d" -MT"HAL_Driver/Src/stm32f0xx_hal_crc.o" -o "HAL_Driver/Src/stm32f0xx_hal_crc.o" "../HAL_Driver/Src/stm32f0xx_hal_crc.c"
Finished building: ../src/syscalls.c
C:\Users\ginuram\Desktop\Dekstop\bare_metal_c\led_push_btn\Debug
arm-none-eabi-gcc -mcpu=cortex-m0 -mthumb -mfloat-abi=soft -DSTM32 -DSTM32F0 -DSTM32F030R8Tx -DNUCLEO_F030R8 -DDEBUG -DSTM32F030x8 -DUSE_HAL_DRIVER -I"C:/Users/ginuram/Desktop/Dekstop/bare_metal_c/led_push_btn/HAL_Driver/Inc/Legacy" -I"C:/Users/ginuram/Desktop/Dekstop/bare_metal_c/led_push_btn/Utilities/STM32F0xx-Nucleo" -I"C:/Users/ginuram/Desktop/Dekstop/bare_metal_c/led_push_btn/inc" -I"C:/Users/ginuram/Desktop/Dekstop/bare_metal_c/led_push_btn/CMSIS/device" -I"C:/Users/ginuram/Desktop/Dekstop/bare_metal_c/led_push_btn/CMSIS/core" -I"C:/Users/ginuram/Desktop/Dekstop/bare_metal_c/led_push_btn/HAL_Driver/Inc" -O0 -g3 -Wall -fmessage-length=0 -ffunction-sections -c -MMD -MP -MF"HAL_Driver/Src/stm32f0xx_hal_crc_ex.d" -MT"HAL_Driver/Src/stm32f0xx_hal_crc_ex.o" -o "HAL_Driver/Src/stm32f0xx_hal_crc_ex.o" "../HAL_Driver/Src/stm32f0xx_hal_crc_ex.c"
C:\Users\ginuram\Desktop\Dekstop\bare_metal_c\led_push_btn\Debug
 
arm-none-eabi-gcc -mcpu=cortex-m0 -mthumb -mfloat-abi=soft -DSTM32 -DSTM32F0 -DSTM32F030R8Tx -DNUCLEO_F030R8 -DDEBUG -DSTM32F030x8 -DUSE_HAL_DRIVER -I"C:/Users/ginuram/Desktop/Dekstop/bare_metal_c/led_push_btn/HAL_Driver/Inc/Legacy" -I"C:/Users/ginuram/Desktop/Dekstop/bare_metal_c/led_push_btn/Utilities/STM32F0xx-Nucleo" -I"C:/Users/ginuram/Desktop/Dekstop/bare_metal_c/led_push_btn/inc" -I"C:/Users/ginuram/Desktop/Dekstop/bare_metal_c/led_push_btn/CMSIS/device" -I"C:/Users/ginuram/Desktop/Dekstop/bare_metal_c/led_push_btn/CMSIS/core" -I"C:/Users/ginuram/Desktop/Dekstop/bare_metal_c/led_push_btn/HAL_Driver/Inc" -O0 -g3 -Wall -fmessage-length=0 -ffunction-sections -c -MMD -MP -MF"HAL_Driver/Src/stm32f0xx_hal_dac.d" -MT"HAL_Driver/Src/stm32f0xx_hal_dac.o" -o "HAL_Driver/Src/stm32f0xx_hal_dac.o" "../HAL_Driver/Src/stm32f0xx_hal_dac.c"
Building file: ../HAL_Driver/Src/stm32f0xx_hal_dac_ex.c
Invoking: MCU GCC Compiler
Finished building: ../src/main.c
Finished building: ../src/stm32f0xx_it.c
C:\Users\ginuram\Desktop\Dekstop\bare_metal_c\led_push_btn\Debug
arm-none-eabi-gcc -mcpu=cortex-m0 -mthumb -mfloat-abi=soft -DSTM32 -DSTM32F0 -DSTM32F030R8Tx -DNUCLEO_F030R8 -DDEBUG -DSTM32F030x8 -DUSE_HAL_DRIVER -I"C:/Users/ginuram/Desktop/Dekstop/bare_metal_c/led_push_btn/HAL_Driver/Inc/Legacy" -I"C:/Users/ginuram/Desktop/Dekstop/bare_metal_c/led_push_btn/Utilities/STM32F0xx-Nucleo" -I"C:/Users/ginuram/Desktop/Dekstop/bare_metal_c/led_push_btn/inc" -I"C:/Users/ginuram/Desktop/Dekstop/bare_metal_c/led_push_btn/CMSIS/device" -I"C:/Users/ginuram/Desktop/Dekstop/bare_metal_c/led_push_btn/CMSIS/core" -I"C:/Users/ginuram/Desktop/Dekstop/bare_metal_c/led_push_btn/HAL_Driver/Inc" -O0 -g3 -Wall -fmessage-length=0 -ffunction-sections -c -MMD -MP -MF"HAL_Driver/Src/stm32f0xx_hal_dac_ex.d" -MT"HAL_Driver/Src/stm32f0xx_hal_dac_ex.o" -o "HAL_Driver/Src/stm32f0xx_hal_dac_ex.o" "../HAL_Driver/Src/stm32f0xx_hal_dac_ex.c"
 
 
Building file: ../HAL_Driver/Src/stm32f0xx_hal_dma.c
Building file: ../HAL_Driver/Src/stm32f0xx_hal_flash.c
Finished building: ../HAL_Driver/Src/Legacy/stm32f0xx_hal_can.c
Finished building: ../src/system_stm32f0xx.c
Invoking: MCU GCC Compiler
Finished building: ../HAL_Driver/Src/stm32f0xx_hal.c
Invoking: MCU GCC Compiler
 
 
C:\Users\ginuram\Desktop\Dekstop\bare_metal_c\led_push_btn\Debug
Finished building: ../Utilities/STM32F0xx-Nucleo/stm32f0xx_nucleo.c
 
arm-none-eabi-gcc -mcpu=cortex-m0 -mthumb -mfloat-abi=soft -DSTM32 -DSTM32F0 -DSTM32F030R8Tx -DNUCLEO_F030R8 -DDEBUG -DSTM32F030x8 -DUSE_HAL_DRIVER -I"C:/Users/ginuram/Desktop/Dekstop/bare_metal_c/led_push_btn/HAL_Driver/Inc/Legacy" -I"C:/Users/ginuram/Desktop/Dekstop/bare_metal_c/led_push_btn/Utilities/STM32F0xx-Nucleo" -I"C:/Users/ginuram/Desktop/Dekstop/bare_metal_c/led_push_btn/inc" -I"C:/Users/ginuram/Desktop/Dekstop/bare_metal_c/led_push_btn/CMSIS/device" -I"C:/Users/ginuram/Desktop/Dekstop/bare_metal_c/led_push_btn/CMSIS/core" -I"C:/Users/ginuram/Desktop/Dekstop/bare_metal_c/led_push_btn/HAL_Driver/Inc" -O0 -g3 -Wall -fmessage-length=0 -ffunction-sections -c -MMD -MP -MF"HAL_Driver/Src/stm32f0xx_hal_flash.d" -MT"HAL_Driver/Src/stm32f0xx_hal_flash.o" -o "HAL_Driver/Src/stm32f0xx_hal_flash.o" "../HAL_Driver/Src/stm32f0xx_hal_flash.c"
C:\Users\ginuram\Desktop\Dekstop\bare_metal_c\led_push_btn\Debug
Building file: ../HAL_Driver/Src/stm32f0xx_hal_flash_ex.c
 
arm-none-eabi-gcc -mcpu=cortex-m0 -mthumb -mfloat-abi=soft -DSTM32 -DSTM32F0 -DSTM32F030R8Tx -DNUCLEO_F030R8 -DDEBUG -DSTM32F030x8 -DUSE_HAL_DRIVER -I"C:/Users/ginuram/Desktop/Dekstop/bare_metal_c/led_push_btn/HAL_Driver/Inc/Legacy" -I"C:/Users/ginuram/Desktop/Dekstop/bare_metal_c/led_push_btn/Utilities/STM32F0xx-Nucleo" -I"C:/Users/ginuram/Desktop/Dekstop/bare_metal_c/led_push_btn/inc" -I"C:/Users/ginuram/Desktop/Dekstop/bare_metal_c/led_push_btn/CMSIS/device" -I"C:/Users/ginuram/Desktop/Dekstop/bare_metal_c/led_push_btn/CMSIS/core" -I"C:/Users/ginuram/Desktop/Dekstop/bare_metal_c/led_push_btn/HAL_Driver/Inc" -O0 -g3 -Wall -fmessage-length=0 -ffunction-sections -c -MMD -MP -MF"HAL_Driver/Src/stm32f0xx_hal_dma.d" -MT"HAL_Driver/Src/stm32f0xx_hal_dma.o" -o "HAL_Driver/Src/stm32f0xx_hal_dma.o" "../HAL_Driver/Src/stm32f0xx_hal_dma.c"
Finished building: ../HAL_Driver/Src/stm32f0xx_hal_adc_ex.c
Finished building: ../HAL_Driver/Src/stm32f0xx_hal_can.c
Finished building: ../HAL_Driver/Src/stm32f0xx_hal_cec.c
Invoking: MCU GCC Compiler
 
Finished building: ../HAL_Driver/Src/stm32f0xx_hal_comp.c
Finished building: ../HAL_Driver/Src/stm32f0xx_hal_adc.c
 
 
C:\Users\ginuram\Desktop\Dekstop\bare_metal_c\led_push_btn\Debug
arm-none-eabi-gcc -mcpu=cortex-m0 -mthumb -mfloat-abi=soft -DSTM32 -DSTM32F0 -DSTM32F030R8Tx -DNUCLEO_F030R8 -DDEBUG -DSTM32F030x8 -DUSE_HAL_DRIVER -I"C:/Users/ginuram/Desktop/Dekstop/bare_metal_c/led_push_btn/HAL_Driver/Inc/Legacy" -I"C:/Users/ginuram/Desktop/Dekstop/bare_metal_c/led_push_btn/Utilities/STM32F0xx-Nucleo" -I"C:/Users/ginuram/Desktop/Dekstop/bare_metal_c/led_push_btn/inc" -I"C:/Users/ginuram/Desktop/Dekstop/bare_metal_c/led_push_btn/CMSIS/device" -I"C:/Users/ginuram/Desktop/Dekstop/bare_metal_c/led_push_btn/CMSIS/core" -I"C:/Users/ginuram/Desktop/Dekstop/bare_metal_c/led_push_btn/HAL_Driver/Inc" -O0 -g3 -Wall -fmessage-length=0 -ffunction-sections -c -MMD -MP -MF"HAL_Driver/Src/stm32f0xx_hal_flash_ex.d" -MT"HAL_Driver/Src/stm32f0xx_hal_flash_ex.o" -o "HAL_Driver/Src/stm32f0xx_hal_flash_ex.o" "../HAL_Driver/Src/stm32f0xx_hal_flash_ex.c"
 
 
Building file: ../HAL_Driver/Src/stm32f0xx_hal_gpio.c
Building file: ../HAL_Driver/Src/stm32f0xx_hal_i2c.c
Building file: ../HAL_Driver/Src/stm32f0xx_hal_i2c_ex.c
Invoking: MCU GCC Compiler
Building file: ../HAL_Driver/Src/stm32f0xx_hal_i2s.c
Invoking: MCU GCC Compiler
Invoking: MCU GCC Compiler
C:\Users\ginuram\Desktop\Dekstop\bare_metal_c\led_push_btn\Debug
Invoking: MCU GCC Compiler
Building file: ../HAL_Driver/Src/stm32f0xx_hal_irda.c
arm-none-eabi-gcc -mcpu=cortex-m0 -mthumb -mfloat-abi=soft -DSTM32 -DSTM32F0 -DSTM32F030R8Tx -DNUCLEO_F030R8 -DDEBUG -DSTM32F030x8 -DUSE_HAL_DRIVER -I"C:/Users/ginuram/Desktop/Dekstop/bare_metal_c/led_push_btn/HAL_Driver/Inc/Legacy" -I"C:/Users/ginuram/Desktop/Dekstop/bare_metal_c/led_push_btn/Utilities/STM32F0xx-Nucleo" -I"C:/Users/ginuram/Desktop/Dekstop/bare_metal_c/led_push_btn/inc" -I"C:/Users/ginuram/Desktop/Dekstop/bare_metal_c/led_push_btn/CMSIS/device" -I"C:/Users/ginuram/Desktop/Dekstop/bare_metal_c/led_push_btn/CMSIS/core" -I"C:/Users/ginuram/Desktop/Dekstop/bare_metal_c/led_push_btn/HAL_Driver/Inc" -O0 -g3 -Wall -fmessage-length=0 -ffunction-sections -c -MMD -MP -MF"HAL_Driver/Src/stm32f0xx_hal_gpio.d" -MT"HAL_Driver/Src/stm32f0xx_hal_gpio.o" -o "HAL_Driver/Src/stm32f0xx_hal_gpio.o" "../HAL_Driver/Src/stm32f0xx_hal_gpio.c"
C:\Users\ginuram\Desktop\Dekstop\bare_metal_c\led_push_btn\Debug
Finished building: ../HAL_Driver/Src/stm32f0xx_hal_crc.c
C:\Users\ginuram\Desktop\Dekstop\bare_metal_c\led_push_btn\Debug
Finished building: ../HAL_Driver/Src/stm32f0xx_hal_cortex.c
Finished building: ../HAL_Driver/Src/stm32f0xx_hal_crc_ex.c
arm-none-eabi-gcc -mcpu=cortex-m0 -mthumb -mfloat-abi=soft -DSTM32 -DSTM32F0 -DSTM32F030R8Tx -DNUCLEO_F030R8 -DDEBUG -DSTM32F030x8 -DUSE_HAL_DRIVER -I"C:/Users/ginuram/Desktop/Dekstop/bare_metal_c/led_push_btn/HAL_Driver/Inc/Legacy" -I"C:/Users/ginuram/Desktop/Dekstop/bare_metal_c/led_push_btn/Utilities/STM32F0xx-Nucleo" -I"C:/Users/ginuram/Desktop/Dekstop/bare_metal_c/led_push_btn/inc" -I"C:/Users/ginuram/Desktop/Dekstop/bare_metal_c/led_push_btn/CMSIS/device" -I"C:/Users/ginuram/Desktop/Dekstop/bare_metal_c/led_push_btn/CMSIS/core" -I"C:/Users/ginuram/Desktop/Dekstop/bare_metal_c/led_push_btn/HAL_Driver/Inc" -O0 -g3 -Wall -fmessage-length=0 -ffunction-sections -c -MMD -MP -MF"HAL_Driver/Src/stm32f0xx_hal_i2c.d" -MT"HAL_Driver/Src/stm32f0xx_hal_i2c.o" -o "HAL_Driver/Src/stm32f0xx_hal_i2c.o" "../HAL_Driver/Src/stm32f0xx_hal_i2c.c"
C:\Users\ginuram\Desktop\Dekstop\bare_metal_c\led_push_btn\Debug
Finished building: ../HAL_Driver/Src/stm32f0xx_hal_dac.c
arm-none-eabi-gcc -mcpu=cortex-m0 -mthumb -mfloat-abi=soft -DSTM32 -DSTM32F0 -DSTM32F030R8Tx -DNUCLEO_F030R8 -DDEBUG -DSTM32F030x8 -DUSE_HAL_DRIVER -I"C:/Users/ginuram/Desktop/Dekstop/bare_metal_c/led_push_btn/HAL_Driver/Inc/Legacy" -I"C:/Users/ginuram/Desktop/Dekstop/bare_metal_c/led_push_btn/Utilities/STM32F0xx-Nucleo" -I"C:/Users/ginuram/Desktop/Dekstop/bare_metal_c/led_push_btn/inc" -I"C:/Users/ginuram/Desktop/Dekstop/bare_metal_c/led_push_btn/CMSIS/device" -I"C:/Users/ginuram/Desktop/Dekstop/bare_metal_c/led_push_btn/CMSIS/core" -I"C:/Users/ginuram/Desktop/Dekstop/bare_metal_c/led_push_btn/HAL_Driver/Inc" -O0 -g3 -Wall -fmessage-length=0 -ffunction-sections -c -MMD -MP -MF"HAL_Driver/Src/stm32f0xx_hal_i2c_ex.d" -MT"HAL_Driver/Src/stm32f0xx_hal_i2c_ex.o" -o "HAL_Driver/Src/stm32f0xx_hal_i2c_ex.o" "../HAL_Driver/Src/stm32f0xx_hal_i2c_ex.c"
Invoking: MCU GCC Compiler
 
arm-none-eabi-gcc -mcpu=cortex-m0 -mthumb -mfloat-abi=soft -DSTM32 -DSTM32F0 -DSTM32F030R8Tx -DNUCLEO_F030R8 -DDEBUG -DSTM32F030x8 -DUSE_HAL_DRIVER -I"C:/Users/ginuram/Desktop/Dekstop/bare_metal_c/led_push_btn/HAL_Driver/Inc/Legacy" -I"C:/Users/ginuram/Desktop/Dekstop/bare_metal_c/led_push_btn/Utilities/STM32F0xx-Nucleo" -I"C:/Users/ginuram/Desktop/Dekstop/bare_metal_c/led_push_btn/inc" -I"C:/Users/ginuram/Desktop/Dekstop/bare_metal_c/led_push_btn/CMSIS/device" -I"C:/Users/ginuram/Desktop/Dekstop/bare_metal_c/led_push_btn/CMSIS/core" -I"C:/Users/ginuram/Desktop/Dekstop/bare_metal_c/led_push_btn/HAL_Driver/Inc" -O0 -g3 -Wall -fmessage-length=0 -ffunction-sections -c -MMD -MP -MF"HAL_Driver/Src/stm32f0xx_hal_i2s.d" -MT"HAL_Driver/Src/stm32f0xx_hal_i2s.o" -o "HAL_Driver/Src/stm32f0xx_hal_i2s.o" "../HAL_Driver/Src/stm32f0xx_hal_i2s.c"
 
 
 
C:\Users\ginuram\Desktop\Dekstop\bare_metal_c\led_push_btn\Debug
Building file: ../HAL_Driver/Src/stm32f0xx_hal_iwdg.c
arm-none-eabi-gcc -mcpu=cortex-m0 -mthumb -mfloat-abi=soft -DSTM32 -DSTM32F0 -DSTM32F030R8Tx -DNUCLEO_F030R8 -DDEBUG -DSTM32F030x8 -DUSE_HAL_DRIVER -I"C:/Users/ginuram/Desktop/Dekstop/bare_metal_c/led_push_btn/HAL_Driver/Inc/Legacy" -I"C:/Users/ginuram/Desktop/Dekstop/bare_metal_c/led_push_btn/Utilities/STM32F0xx-Nucleo" -I"C:/Users/ginuram/Desktop/Dekstop/bare_metal_c/led_push_btn/inc" -I"C:/Users/ginuram/Desktop/Dekstop/bare_metal_c/led_push_btn/CMSIS/device" -I"C:/Users/ginuram/Desktop/Dekstop/bare_metal_c/led_push_btn/CMSIS/core" -I"C:/Users/ginuram/Desktop/Dekstop/bare_metal_c/led_push_btn/HAL_Driver/Inc" -O0 -g3 -Wall -fmessage-length=0 -ffunction-sections -c -MMD -MP -MF"HAL_Driver/Src/stm32f0xx_hal_irda.d" -MT"HAL_Driver/Src/stm32f0xx_hal_irda.o" -o "HAL_Driver/Src/stm32f0xx_hal_irda.o" "../HAL_Driver/Src/stm32f0xx_hal_irda.c"
Building file: ../HAL_Driver/Src/stm32f0xx_hal_msp_template.c
Building file: ../HAL_Driver/Src/stm32f0xx_hal_pcd.c
Invoking: MCU GCC Compiler
Invoking: MCU GCC Compiler
Invoking: MCU GCC Compiler
Building file: ../HAL_Driver/Src/stm32f0xx_hal_pcd_ex.c
C:\Users\ginuram\Desktop\Dekstop\bare_metal_c\led_push_btn\Debug
arm-none-eabi-gcc -mcpu=cortex-m0 -mthumb -mfloat-abi=soft -DSTM32 -DSTM32F0 -DSTM32F030R8Tx -DNUCLEO_F030R8 -DDEBUG -DSTM32F030x8 -DUSE_HAL_DRIVER -I"C:/Users/ginuram/Desktop/Dekstop/bare_metal_c/led_push_btn/HAL_Driver/Inc/Legacy" -I"C:/Users/ginuram/Desktop/Dekstop/bare_metal_c/led_push_btn/Utilities/STM32F0xx-Nucleo" -I"C:/Users/ginuram/Desktop/Dekstop/bare_metal_c/led_push_btn/inc" -I"C:/Users/ginuram/Desktop/Dekstop/bare_metal_c/led_push_btn/CMSIS/device" -I"C:/Users/ginuram/Desktop/Dekstop/bare_metal_c/led_push_btn/CMSIS/core" -I"C:/Users/ginuram/Desktop/Dekstop/bare_metal_c/led_push_btn/HAL_Driver/Inc" -O0 -g3 -Wall -fmessage-length=0 -ffunction-sections -c -MMD -MP -MF"HAL_Driver/Src/stm32f0xx_hal_iwdg.d" -MT"HAL_Driver/Src/stm32f0xx_hal_iwdg.o" -o "HAL_Driver/Src/stm32f0xx_hal_iwdg.o" "../HAL_Driver/Src/stm32f0xx_hal_iwdg.c"
C:\Users\ginuram\Desktop\Dekstop\bare_metal_c\led_push_btn\Debug
C:\Users\ginuram\Desktop\Dekstop\bare_metal_c\led_push_btn\Debug
arm-none-eabi-gcc -mcpu=cortex-m0 -mthumb -mfloat-abi=soft -DSTM32 -DSTM32F0 -DSTM32F030R8Tx -DNUCLEO_F030R8 -DDEBUG -DSTM32F030x8 -DUSE_HAL_DRIVER -I"C:/Users/ginuram/Desktop/Dekstop/bare_metal_c/led_push_btn/HAL_Driver/Inc/Legacy" -I"C:/Users/ginuram/Desktop/Dekstop/bare_metal_c/led_push_btn/Utilities/STM32F0xx-Nucleo" -I"C:/Users/ginuram/Desktop/Dekstop/bare_metal_c/led_push_btn/inc" -I"C:/Users/ginuram/Desktop/Dekstop/bare_metal_c/led_push_btn/CMSIS/device" -I"C:/Users/ginuram/Desktop/Dekstop/bare_metal_c/led_push_btn/CMSIS/core" -I"C:/Users/ginuram/Desktop/Dekstop/bare_metal_c/led_push_btn/HAL_Driver/Inc" -O0 -g3 -Wall -fmessage-length=0 -ffunction-sections -c -MMD -MP -MF"HAL_Driver/Src/stm32f0xx_hal_msp_template.d" -MT"HAL_Driver/Src/stm32f0xx_hal_msp_template.o" -o "HAL_Driver/Src/stm32f0xx_hal_msp_template.o" "../HAL_Driver/Src/stm32f0xx_hal_msp_template.c"
Invoking: MCU GCC Compiler
arm-none-eabi-gcc -mcpu=cortex-m0 -mthumb -mfloat-abi=soft -DSTM32 -DSTM32F0 -DSTM32F030R8Tx -DNUCLEO_F030R8 -DDEBUG -DSTM32F030x8 -DUSE_HAL_DRIVER -I"C:/Users/ginuram/Desktop/Dekstop/bare_metal_c/led_push_btn/HAL_Driver/Inc/Legacy" -I"C:/Users/ginuram/Desktop/Dekstop/bare_metal_c/led_push_btn/Utilities/STM32F0xx-Nucleo" -I"C:/Users/ginuram/Desktop/Dekstop/bare_metal_c/led_push_btn/inc" -I"C:/Users/ginuram/Desktop/Dekstop/bare_metal_c/led_push_btn/CMSIS/device" -I"C:/Users/ginuram/Desktop/Dekstop/bare_metal_c/led_push_btn/CMSIS/core" -I"C:/Users/ginuram/Desktop/Dekstop/bare_metal_c/led_push_btn/HAL_Driver/Inc" -O0 -g3 -Wall -fmessage-length=0 -ffunction-sections -c -MMD -MP -MF"HAL_Driver/Src/stm32f0xx_hal_pcd.d" -MT"HAL_Driver/Src/stm32f0xx_hal_pcd.o" -o "HAL_Driver/Src/stm32f0xx_hal_pcd.o" "../HAL_Driver/Src/stm32f0xx_hal_pcd.c"
Finished building: ../HAL_Driver/Src/stm32f0xx_hal_dac_ex.c
C:\Users\ginuram\Desktop\Dekstop\bare_metal_c\led_push_btn\Debug
arm-none-eabi-gcc -mcpu=cortex-m0 -mthumb -mfloat-abi=soft -DSTM32 -DSTM32F0 -DSTM32F030R8Tx -DNUCLEO_F030R8 -DDEBUG -DSTM32F030x8 -DUSE_HAL_DRIVER -I"C:/Users/ginuram/Desktop/Dekstop/bare_metal_c/led_push_btn/HAL_Driver/Inc/Legacy" -I"C:/Users/ginuram/Desktop/Dekstop/bare_metal_c/led_push_btn/Utilities/STM32F0xx-Nucleo" -I"C:/Users/ginuram/Desktop/Dekstop/bare_metal_c/led_push_btn/inc" -I"C:/Users/ginuram/Desktop/Dekstop/bare_metal_c/led_push_btn/CMSIS/device" -I"C:/Users/ginuram/Desktop/Dekstop/bare_metal_c/led_push_btn/CMSIS/core" -I"C:/Users/ginuram/Desktop/Dekstop/bare_metal_c/led_push_btn/HAL_Driver/Inc" -O0 -g3 -Wall -fmessage-length=0 -ffunction-sections -c -MMD -MP -MF"HAL_Driver/Src/stm32f0xx_hal_pcd_ex.d" -MT"HAL_Driver/Src/stm32f0xx_hal_pcd_ex.o" -o "HAL_Driver/Src/stm32f0xx_hal_pcd_ex.o" "../HAL_Driver/Src/stm32f0xx_hal_pcd_ex.c"
 
Building file: ../HAL_Driver/Src/stm32f0xx_hal_pwr.c
Building file: ../HAL_Driver/Src/stm32f0xx_hal_pwr_ex.c
Building file: ../HAL_Driver/Src/stm32f0xx_hal_rcc.c
Invoking: MCU GCC Compiler
Invoking: MCU GCC Compiler
Building file: ../HAL_Driver/Src/stm32f0xx_hal_rcc_ex.c
Invoking: MCU GCC Compiler
C:\Users\ginuram\Desktop\Dekstop\bare_metal_c\led_push_btn\Debug
C:\Users\ginuram\Desktop\Dekstop\bare_metal_c\led_push_btn\Debug
arm-none-eabi-gcc -mcpu=cortex-m0 -mthumb -mfloat-abi=soft -DSTM32 -DSTM32F0 -DSTM32F030R8Tx -DNUCLEO_F030R8 -DDEBUG -DSTM32F030x8 -DUSE_HAL_DRIVER -I"C:/Users/ginuram/Desktop/Dekstop/bare_metal_c/led_push_btn/HAL_Driver/Inc/Legacy" -I"C:/Users/ginuram/Desktop/Dekstop/bare_metal_c/led_push_btn/Utilities/STM32F0xx-Nucleo" -I"C:/Users/ginuram/Desktop/Dekstop/bare_metal_c/led_push_btn/inc" -I"C:/Users/ginuram/Desktop/Dekstop/bare_metal_c/led_push_btn/CMSIS/device" -I"C:/Users/ginuram/Desktop/Dekstop/bare_metal_c/led_push_btn/CMSIS/core" -I"C:/Users/ginuram/Desktop/Dekstop/bare_metal_c/led_push_btn/HAL_Driver/Inc" -O0 -g3 -Wall -fmessage-length=0 -ffunction-sections -c -MMD -MP -MF"HAL_Driver/Src/stm32f0xx_hal_pwr.d" -MT"HAL_Driver/Src/stm32f0xx_hal_pwr.o" -o "HAL_Driver/Src/stm32f0xx_hal_pwr.o" "../HAL_Driver/Src/stm32f0xx_hal_pwr.c"
Invoking: MCU GCC Compiler
arm-none-eabi-gcc -mcpu=cortex-m0 -mthumb -mfloat-abi=soft -DSTM32 -DSTM32F0 -DSTM32F030R8Tx -DNUCLEO_F030R8 -DDEBUG -DSTM32F030x8 -DUSE_HAL_DRIVER -I"C:/Users/ginuram/Desktop/Dekstop/bare_metal_c/led_push_btn/HAL_Driver/Inc/Legacy" -I"C:/Users/ginuram/Desktop/Dekstop/bare_metal_c/led_push_btn/Utilities/STM32F0xx-Nucleo" -I"C:/Users/ginuram/Desktop/Dekstop/bare_metal_c/led_push_btn/inc" -I"C:/Users/ginuram/Desktop/Dekstop/bare_metal_c/led_push_btn/CMSIS/device" -I"C:/Users/ginuram/Desktop/Dekstop/bare_metal_c/led_push_btn/CMSIS/core" -I"C:/Users/ginuram/Desktop/Dekstop/bare_metal_c/led_push_btn/HAL_Driver/Inc" -O0 -g3 -Wall -fmessage-length=0 -ffunction-sections -c -MMD -MP -MF"HAL_Driver/Src/stm32f0xx_hal_pwr_ex.d" -MT"HAL_Driver/Src/stm32f0xx_hal_pwr_ex.o" -o "HAL_Driver/Src/stm32f0xx_hal_pwr_ex.o" "../HAL_Driver/Src/stm32f0xx_hal_pwr_ex.c"
Finished building: ../HAL_Driver/Src/stm32f0xx_hal_flash.c
C:\Users\ginuram\Desktop\Dekstop\bare_metal_c\led_push_btn\Debug
arm-none-eabi-gcc -mcpu=cortex-m0 -mthumb -mfloat-abi=soft -DSTM32 -DSTM32F0 -DSTM32F030R8Tx -DNUCLEO_F030R8 -DDEBUG -DSTM32F030x8 -DUSE_HAL_DRIVER -I"C:/Users/ginuram/Desktop/Dekstop/bare_metal_c/led_push_btn/HAL_Driver/Inc/Legacy" -I"C:/Users/ginuram/Desktop/Dekstop/bare_metal_c/led_push_btn/Utilities/STM32F0xx-Nucleo" -I"C:/Users/ginuram/Desktop/Dekstop/bare_metal_c/led_push_btn/inc" -I"C:/Users/ginuram/Desktop/Dekstop/bare_metal_c/led_push_btn/CMSIS/device" -I"C:/Users/ginuram/Desktop/Dekstop/bare_metal_c/led_push_btn/CMSIS/core" -I"C:/Users/ginuram/Desktop/Dekstop/bare_metal_c/led_push_btn/HAL_Driver/Inc" -O0 -g3 -Wall -fmessage-length=0 -ffunction-sections -c -MMD -MP -MF"HAL_Driver/Src/stm32f0xx_hal_rcc.d" -MT"HAL_Driver/Src/stm32f0xx_hal_rcc.o" -o "HAL_Driver/Src/stm32f0xx_hal_rcc.o" "../HAL_Driver/Src/stm32f0xx_hal_rcc.c"
C:\Users\ginuram\Desktop\Dekstop\bare_metal_c\led_push_btn\Debug
arm-none-eabi-gcc -mcpu=cortex-m0 -mthumb -mfloat-abi=soft -DSTM32 -DSTM32F0 -DSTM32F030R8Tx -DNUCLEO_F030R8 -DDEBUG -DSTM32F030x8 -DUSE_HAL_DRIVER -I"C:/Users/ginuram/Desktop/Dekstop/bare_metal_c/led_push_btn/HAL_Driver/Inc/Legacy" -I"C:/Users/ginuram/Desktop/Dekstop/bare_metal_c/led_push_btn/Utilities/STM32F0xx-Nucleo" -I"C:/Users/ginuram/Desktop/Dekstop/bare_metal_c/led_push_btn/inc" -I"C:/Users/ginuram/Desktop/Dekstop/bare_metal_c/led_push_btn/CMSIS/device" -I"C:/Users/ginuram/Desktop/Dekstop/bare_metal_c/led_push_btn/CMSIS/core" -I"C:/Users/ginuram/Desktop/Dekstop/bare_metal_c/led_push_btn/HAL_Driver/Inc" -O0 -g3 -Wall -fmessage-length=0 -ffunction-sections -c -MMD -MP -MF"HAL_Driver/Src/stm32f0xx_hal_rcc_ex.d" -MT"HAL_Driver/Src/stm32f0xx_hal_rcc_ex.o" -o "HAL_Driver/Src/stm32f0xx_hal_rcc_ex.o" "../HAL_Driver/Src/stm32f0xx_hal_rcc_ex.c"
 
Finished building: ../HAL_Driver/Src/stm32f0xx_hal_dma.c
Building file: ../HAL_Driver/Src/stm32f0xx_hal_rtc.c
 
Invoking: MCU GCC Compiler
Building file: ../HAL_Driver/Src/stm32f0xx_hal_rtc_ex.c
Finished building: ../HAL_Driver/Src/stm32f0xx_hal_flash_ex.c
C:\Users\ginuram\Desktop\Dekstop\bare_metal_c\led_push_btn\Debug
Invoking: MCU GCC Compiler
arm-none-eabi-gcc -mcpu=cortex-m0 -mthumb -mfloat-abi=soft -DSTM32 -DSTM32F0 -DSTM32F030R8Tx -DNUCLEO_F030R8 -DDEBUG -DSTM32F030x8 -DUSE_HAL_DRIVER -I"C:/Users/ginuram/Desktop/Dekstop/bare_metal_c/led_push_btn/HAL_Driver/Inc/Legacy" -I"C:/Users/ginuram/Desktop/Dekstop/bare_metal_c/led_push_btn/Utilities/STM32F0xx-Nucleo" -I"C:/Users/ginuram/Desktop/Dekstop/bare_metal_c/led_push_btn/inc" -I"C:/Users/ginuram/Desktop/Dekstop/bare_metal_c/led_push_btn/CMSIS/device" -I"C:/Users/ginuram/Desktop/Dekstop/bare_metal_c/led_push_btn/CMSIS/core" -I"C:/Users/ginuram/Desktop/Dekstop/bare_metal_c/led_push_btn/HAL_Driver/Inc" -O0 -g3 -Wall -fmessage-length=0 -ffunction-sections -c -MMD -MP -MF"HAL_Driver/Src/stm32f0xx_hal_rtc.d" -MT"HAL_Driver/Src/stm32f0xx_hal_rtc.o" -o "HAL_Driver/Src/stm32f0xx_hal_rtc.o" "../HAL_Driver/Src/stm32f0xx_hal_rtc.c"
 
C:\Users\ginuram\Desktop\Dekstop\bare_metal_c\led_push_btn\Debug
arm-none-eabi-gcc -mcpu=cortex-m0 -mthumb -mfloat-abi=soft -DSTM32 -DSTM32F0 -DSTM32F030R8Tx -DNUCLEO_F030R8 -DDEBUG -DSTM32F030x8 -DUSE_HAL_DRIVER -I"C:/Users/ginuram/Desktop/Dekstop/bare_metal_c/led_push_btn/HAL_Driver/Inc/Legacy" -I"C:/Users/ginuram/Desktop/Dekstop/bare_metal_c/led_push_btn/Utilities/STM32F0xx-Nucleo" -I"C:/Users/ginuram/Desktop/Dekstop/bare_metal_c/led_push_btn/inc" -I"C:/Users/ginuram/Desktop/Dekstop/bare_metal_c/led_push_btn/CMSIS/device" -I"C:/Users/ginuram/Desktop/Dekstop/bare_metal_c/led_push_btn/CMSIS/core" -I"C:/Users/ginuram/Desktop/Dekstop/bare_metal_c/led_push_btn/HAL_Driver/Inc" -O0 -g3 -Wall -fmessage-length=0 -ffunction-sections -c -MMD -MP -MF"HAL_Driver/Src/stm32f0xx_hal_rtc_ex.d" -MT"HAL_Driver/Src/stm32f0xx_hal_rtc_ex.o" -o "HAL_Driver/Src/stm32f0xx_hal_rtc_ex.o" "../HAL_Driver/Src/stm32f0xx_hal_rtc_ex.c"
Building file: ../HAL_Driver/Src/stm32f0xx_hal_smartcard.c
Finished building: ../HAL_Driver/Src/stm32f0xx_hal_gpio.c
Finished building: ../HAL_Driver/Src/stm32f0xx_hal_i2c_ex.c
Invoking: MCU GCC Compiler
Finished building: ../HAL_Driver/Src/stm32f0xx_hal_i2s.c
 
 
C:\Users\ginuram\Desktop\Dekstop\bare_metal_c\led_push_btn\Debug
arm-none-eabi-gcc -mcpu=cortex-m0 -mthumb -mfloat-abi=soft -DSTM32 -DSTM32F0 -DSTM32F030R8Tx -DNUCLEO_F030R8 -DDEBUG -DSTM32F030x8 -DUSE_HAL_DRIVER -I"C:/Users/ginuram/Desktop/Dekstop/bare_metal_c/led_push_btn/HAL_Driver/Inc/Legacy" -I"C:/Users/ginuram/Desktop/Dekstop/bare_metal_c/led_push_btn/Utilities/STM32F0xx-Nucleo" -I"C:/Users/ginuram/Desktop/Dekstop/bare_metal_c/led_push_btn/inc" -I"C:/Users/ginuram/Desktop/Dekstop/bare_metal_c/led_push_btn/CMSIS/device" -I"C:/Users/ginuram/Desktop/Dekstop/bare_metal_c/led_push_btn/CMSIS/core" -I"C:/Users/ginuram/Desktop/Dekstop/bare_metal_c/led_push_btn/HAL_Driver/Inc" -O0 -g3 -Wall -fmessage-length=0 -ffunction-sections -c -MMD -MP -MF"HAL_Driver/Src/stm32f0xx_hal_smartcard.d" -MT"HAL_Driver/Src/stm32f0xx_hal_smartcard.o" -o "HAL_Driver/Src/stm32f0xx_hal_smartcard.o" "../HAL_Driver/Src/stm32f0xx_hal_smartcard.c"
 
Building file: ../HAL_Driver/Src/stm32f0xx_hal_smartcard_ex.c
Building file: ../HAL_Driver/Src/stm32f0xx_hal_smbus.c
Finished building: ../HAL_Driver/Src/stm32f0xx_hal_irda.c
Building file: ../HAL_Driver/Src/stm32f0xx_hal_spi.c
Invoking: MCU GCC Compiler
Invoking: MCU GCC Compiler
 
Finished building: ../HAL_Driver/Src/stm32f0xx_hal_iwdg.c
Finished building: ../HAL_Driver/Src/stm32f0xx_hal_msp_template.c
Finished building: ../HAL_Driver/Src/stm32f0xx_hal_pcd.c
Invoking: MCU GCC Compiler
C:\Users\ginuram\Desktop\Dekstop\bare_metal_c\led_push_btn\Debug
C:\Users\ginuram\Desktop\Dekstop\bare_metal_c\led_push_btn\Debug
 
 
arm-none-eabi-gcc -mcpu=cortex-m0 -mthumb -mfloat-abi=soft -DSTM32 -DSTM32F0 -DSTM32F030R8Tx -DNUCLEO_F030R8 -DDEBUG -DSTM32F030x8 -DUSE_HAL_DRIVER -I"C:/Users/ginuram/Desktop/Dekstop/bare_metal_c/led_push_btn/HAL_Driver/Inc/Legacy" -I"C:/Users/ginuram/Desktop/Dekstop/bare_metal_c/led_push_btn/Utilities/STM32F0xx-Nucleo" -I"C:/Users/ginuram/Desktop/Dekstop/bare_metal_c/led_push_btn/inc" -I"C:/Users/ginuram/Desktop/Dekstop/bare_metal_c/led_push_btn/CMSIS/device" -I"C:/Users/ginuram/Desktop/Dekstop/bare_metal_c/led_push_btn/CMSIS/core" -I"C:/Users/ginuram/Desktop/Dekstop/bare_metal_c/led_push_btn/HAL_Driver/Inc" -O0 -g3 -Wall -fmessage-length=0 -ffunction-sections -c -MMD -MP -MF"HAL_Driver/Src/stm32f0xx_hal_smartcard_ex.d" -MT"HAL_Driver/Src/stm32f0xx_hal_smartcard_ex.o" -o "HAL_Driver/Src/stm32f0xx_hal_smartcard_ex.o" "../HAL_Driver/Src/stm32f0xx_hal_smartcard_ex.c"
 
arm-none-eabi-gcc -mcpu=cortex-m0 -mthumb -mfloat-abi=soft -DSTM32 -DSTM32F0 -DSTM32F030R8Tx -DNUCLEO_F030R8 -DDEBUG -DSTM32F030x8 -DUSE_HAL_DRIVER -I"C:/Users/ginuram/Desktop/Dekstop/bare_metal_c/led_push_btn/HAL_Driver/Inc/Legacy" -I"C:/Users/ginuram/Desktop/Dekstop/bare_metal_c/led_push_btn/Utilities/STM32F0xx-Nucleo" -I"C:/Users/ginuram/Desktop/Dekstop/bare_metal_c/led_push_btn/inc" -I"C:/Users/ginuram/Desktop/Dekstop/bare_metal_c/led_push_btn/CMSIS/device" -I"C:/Users/ginuram/Desktop/Dekstop/bare_metal_c/led_push_btn/CMSIS/core" -I"C:/Users/ginuram/Desktop/Dekstop/bare_metal_c/led_push_btn/HAL_Driver/Inc" -O0 -g3 -Wall -fmessage-length=0 -ffunction-sections -c -MMD -MP -MF"HAL_Driver/Src/stm32f0xx_hal_smbus.d" -MT"HAL_Driver/Src/stm32f0xx_hal_smbus.o" -o "HAL_Driver/Src/stm32f0xx_hal_smbus.o" "../HAL_Driver/Src/stm32f0xx_hal_smbus.c"
Finished building: ../HAL_Driver/Src/stm32f0xx_hal_pcd_ex.c
C:\Users\ginuram\Desktop\Dekstop\bare_metal_c\led_push_btn\Debug
arm-none-eabi-gcc -mcpu=cortex-m0 -mthumb -mfloat-abi=soft -DSTM32 -DSTM32F0 -DSTM32F030R8Tx -DNUCLEO_F030R8 -DDEBUG -DSTM32F030x8 -DUSE_HAL_DRIVER -I"C:/Users/ginuram/Desktop/Dekstop/bare_metal_c/led_push_btn/HAL_Driver/Inc/Legacy" -I"C:/Users/ginuram/Desktop/Dekstop/bare_metal_c/led_push_btn/Utilities/STM32F0xx-Nucleo" -I"C:/Users/ginuram/Desktop/Dekstop/bare_metal_c/led_push_btn/inc" -I"C:/Users/ginuram/Desktop/Dekstop/bare_metal_c/led_push_btn/CMSIS/device" -I"C:/Users/ginuram/Desktop/Dekstop/bare_metal_c/led_push_btn/CMSIS/core" -I"C:/Users/ginuram/Desktop/Dekstop/bare_metal_c/led_push_btn/HAL_Driver/Inc" -O0 -g3 -Wall -fmessage-length=0 -ffunction-sections -c -MMD -MP -MF"HAL_Driver/Src/stm32f0xx_hal_spi.d" -MT"HAL_Driver/Src/stm32f0xx_hal_spi.o" -o "HAL_Driver/Src/stm32f0xx_hal_spi.o" "../HAL_Driver/Src/stm32f0xx_hal_spi.c"
 
Building file: ../HAL_Driver/Src/stm32f0xx_hal_spi_ex.c
Building file: ../HAL_Driver/Src/stm32f0xx_hal_tim.c
Building file: ../HAL_Driver/Src/stm32f0xx_hal_tim_ex.c
Finished building: ../HAL_Driver/Src/stm32f0xx_hal_i2c.c
Invoking: MCU GCC Compiler
Invoking: MCU GCC Compiler
Finished building: ../HAL_Driver/Src/stm32f0xx_hal_pwr_ex.c
Invoking: MCU GCC Compiler
 
Finished building: ../HAL_Driver/Src/stm32f0xx_hal_pwr.c
C:\Users\ginuram\Desktop\Dekstop\bare_metal_c\led_push_btn\Debug
C:\Users\ginuram\Desktop\Dekstop\bare_metal_c\led_push_btn\Debug
arm-none-eabi-gcc -mcpu=cortex-m0 -mthumb -mfloat-abi=soft -DSTM32 -DSTM32F0 -DSTM32F030R8Tx -DNUCLEO_F030R8 -DDEBUG -DSTM32F030x8 -DUSE_HAL_DRIVER -I"C:/Users/ginuram/Desktop/Dekstop/bare_metal_c/led_push_btn/HAL_Driver/Inc/Legacy" -I"C:/Users/ginuram/Desktop/Dekstop/bare_metal_c/led_push_btn/Utilities/STM32F0xx-Nucleo" -I"C:/Users/ginuram/Desktop/Dekstop/bare_metal_c/led_push_btn/inc" -I"C:/Users/ginuram/Desktop/Dekstop/bare_metal_c/led_push_btn/CMSIS/device" -I"C:/Users/ginuram/Desktop/Dekstop/bare_metal_c/led_push_btn/CMSIS/core" -I"C:/Users/ginuram/Desktop/Dekstop/bare_metal_c/led_push_btn/HAL_Driver/Inc" -O0 -g3 -Wall -fmessage-length=0 -ffunction-sections -c -MMD -MP -MF"HAL_Driver/Src/stm32f0xx_hal_spi_ex.d" -MT"HAL_Driver/Src/stm32f0xx_hal_spi_ex.o" -o "HAL_Driver/Src/stm32f0xx_hal_spi_ex.o" "../HAL_Driver/Src/stm32f0xx_hal_spi_ex.c"
 
arm-none-eabi-gcc -mcpu=cortex-m0 -mthumb -mfloat-abi=soft -DSTM32 -DSTM32F0 -DSTM32F030R8Tx -DNUCLEO_F030R8 -DDEBUG -DSTM32F030x8 -DUSE_HAL_DRIVER -I"C:/Users/ginuram/Desktop/Dekstop/bare_metal_c/led_push_btn/HAL_Driver/Inc/Legacy" -I"C:/Users/ginuram/Desktop/Dekstop/bare_metal_c/led_push_btn/Utilities/STM32F0xx-Nucleo" -I"C:/Users/ginuram/Desktop/Dekstop/bare_metal_c/led_push_btn/inc" -I"C:/Users/ginuram/Desktop/Dekstop/bare_metal_c/led_push_btn/CMSIS/device" -I"C:/Users/ginuram/Desktop/Dekstop/bare_metal_c/led_push_btn/CMSIS/core" -I"C:/Users/ginuram/Desktop/Dekstop/bare_metal_c/led_push_btn/HAL_Driver/Inc" -O0 -g3 -Wall -fmessage-length=0 -ffunction-sections -c -MMD -MP -MF"HAL_Driver/Src/stm32f0xx_hal_tim.d" -MT"HAL_Driver/Src/stm32f0xx_hal_tim.o" -o "HAL_Driver/Src/stm32f0xx_hal_tim.o" "../HAL_Driver/Src/stm32f0xx_hal_tim.c"
C:\Users\ginuram\Desktop\Dekstop\bare_metal_c\led_push_btn\Debug
 
arm-none-eabi-gcc -mcpu=cortex-m0 -mthumb -mfloat-abi=soft -DSTM32 -DSTM32F0 -DSTM32F030R8Tx -DNUCLEO_F030R8 -DDEBUG -DSTM32F030x8 -DUSE_HAL_DRIVER -I"C:/Users/ginuram/Desktop/Dekstop/bare_metal_c/led_push_btn/HAL_Driver/Inc/Legacy" -I"C:/Users/ginuram/Desktop/Dekstop/bare_metal_c/led_push_btn/Utilities/STM32F0xx-Nucleo" -I"C:/Users/ginuram/Desktop/Dekstop/bare_metal_c/led_push_btn/inc" -I"C:/Users/ginuram/Desktop/Dekstop/bare_metal_c/led_push_btn/CMSIS/device" -I"C:/Users/ginuram/Desktop/Dekstop/bare_metal_c/led_push_btn/CMSIS/core" -I"C:/Users/ginuram/Desktop/Dekstop/bare_metal_c/led_push_btn/HAL_Driver/Inc" -O0 -g3 -Wall -fmessage-length=0 -ffunction-sections -c -MMD -MP -MF"HAL_Driver/Src/stm32f0xx_hal_tim_ex.d" -MT"HAL_Driver/Src/stm32f0xx_hal_tim_ex.o" -o "HAL_Driver/Src/stm32f0xx_hal_tim_ex.o" "../HAL_Driver/Src/stm32f0xx_hal_tim_ex.c"
Finished building: ../HAL_Driver/Src/stm32f0xx_hal_rcc_ex.c
Building file: ../HAL_Driver/Src/stm32f0xx_hal_tsc.c
Finished building: ../HAL_Driver/Src/stm32f0xx_hal_rcc.c
 
Building file: ../HAL_Driver/Src/stm32f0xx_hal_uart.c
Invoking: MCU GCC Compiler
 
Building file: ../HAL_Driver/Src/stm32f0xx_hal_uart_ex.c
Invoking: MCU GCC Compiler
C:\Users\ginuram\Desktop\Dekstop\bare_metal_c\led_push_btn\Debug
arm-none-eabi-gcc -mcpu=cortex-m0 -mthumb -mfloat-abi=soft -DSTM32 -DSTM32F0 -DSTM32F030R8Tx -DNUCLEO_F030R8 -DDEBUG -DSTM32F030x8 -DUSE_HAL_DRIVER -I"C:/Users/ginuram/Desktop/Dekstop/bare_metal_c/led_push_btn/HAL_Driver/Inc/Legacy" -I"C:/Users/ginuram/Desktop/Dekstop/bare_metal_c/led_push_btn/Utilities/STM32F0xx-Nucleo" -I"C:/Users/ginuram/Desktop/Dekstop/bare_metal_c/led_push_btn/inc" -I"C:/Users/ginuram/Desktop/Dekstop/bare_metal_c/led_push_btn/CMSIS/device" -I"C:/Users/ginuram/Desktop/Dekstop/bare_metal_c/led_push_btn/CMSIS/core" -I"C:/Users/ginuram/Desktop/Dekstop/bare_metal_c/led_push_btn/HAL_Driver/Inc" -O0 -g3 -Wall -fmessage-length=0 -ffunction-sections -c -MMD -MP -MF"HAL_Driver/Src/stm32f0xx_hal_tsc.d" -MT"HAL_Driver/Src/stm32f0xx_hal_tsc.o" -o "HAL_Driver/Src/stm32f0xx_hal_tsc.o" "../HAL_Driver/Src/stm32f0xx_hal_tsc.c"
Building file: ../HAL_Driver/Src/stm32f0xx_hal_usart.c
Invoking: MCU GCC Compiler
C:\Users\ginuram\Desktop\Dekstop\bare_metal_c\led_push_btn\Debug
arm-none-eabi-gcc -mcpu=cortex-m0 -mthumb -mfloat-abi=soft -DSTM32 -DSTM32F0 -DSTM32F030R8Tx -DNUCLEO_F030R8 -DDEBUG -DSTM32F030x8 -DUSE_HAL_DRIVER -I"C:/Users/ginuram/Desktop/Dekstop/bare_metal_c/led_push_btn/HAL_Driver/Inc/Legacy" -I"C:/Users/ginuram/Desktop/Dekstop/bare_metal_c/led_push_btn/Utilities/STM32F0xx-Nucleo" -I"C:/Users/ginuram/Desktop/Dekstop/bare_metal_c/led_push_btn/inc" -I"C:/Users/ginuram/Desktop/Dekstop/bare_metal_c/led_push_btn/CMSIS/device" -I"C:/Users/ginuram/Desktop/Dekstop/bare_metal_c/led_push_btn/CMSIS/core" -I"C:/Users/ginuram/Desktop/Dekstop/bare_metal_c/led_push_btn/HAL_Driver/Inc" -O0 -g3 -Wall -fmessage-length=0 -ffunction-sections -c -MMD -MP -MF"HAL_Driver/Src/stm32f0xx_hal_uart.d" -MT"HAL_Driver/Src/stm32f0xx_hal_uart.o" -o "HAL_Driver/Src/stm32f0xx_hal_uart.o" "../HAL_Driver/Src/stm32f0xx_hal_uart.c"
Invoking: MCU GCC Compiler
C:\Users\ginuram\Desktop\Dekstop\bare_metal_c\led_push_btn\Debug
Building file: ../HAL_Driver/Src/stm32f0xx_hal_wwdg.c
arm-none-eabi-gcc -mcpu=cortex-m0 -mthumb -mfloat-abi=soft -DSTM32 -DSTM32F0 -DSTM32F030R8Tx -DNUCLEO_F030R8 -DDEBUG -DSTM32F030x8 -DUSE_HAL_DRIVER -I"C:/Users/ginuram/Desktop/Dekstop/bare_metal_c/led_push_btn/HAL_Driver/Inc/Legacy" -I"C:/Users/ginuram/Desktop/Dekstop/bare_metal_c/led_push_btn/Utilities/STM32F0xx-Nucleo" -I"C:/Users/ginuram/Desktop/Dekstop/bare_metal_c/led_push_btn/inc" -I"C:/Users/ginuram/Desktop/Dekstop/bare_metal_c/led_push_btn/CMSIS/device" -I"C:/Users/ginuram/Desktop/Dekstop/bare_metal_c/led_push_btn/CMSIS/core" -I"C:/Users/ginuram/Desktop/Dekstop/bare_metal_c/led_push_btn/HAL_Driver/Inc" -O0 -g3 -Wall -fmessage-length=0 -ffunction-sections -c -MMD -MP -MF"HAL_Driver/Src/stm32f0xx_hal_uart_ex.d" -MT"HAL_Driver/Src/stm32f0xx_hal_uart_ex.o" -o "HAL_Driver/Src/stm32f0xx_hal_uart_ex.o" "../HAL_Driver/Src/stm32f0xx_hal_uart_ex.c"
C:\Users\ginuram\Desktop\Dekstop\bare_metal_c\led_push_btn\Debug
Building file: ../HAL_Driver/Src/stm32f0xx_ll_adc.c
arm-none-eabi-gcc -mcpu=cortex-m0 -mthumb -mfloat-abi=soft -DSTM32 -DSTM32F0 -DSTM32F030R8Tx -DNUCLEO_F030R8 -DDEBUG -DSTM32F030x8 -DUSE_HAL_DRIVER -I"C:/Users/ginuram/Desktop/Dekstop/bare_metal_c/led_push_btn/HAL_Driver/Inc/Legacy" -I"C:/Users/ginuram/Desktop/Dekstop/bare_metal_c/led_push_btn/Utilities/STM32F0xx-Nucleo" -I"C:/Users/ginuram/Desktop/Dekstop/bare_metal_c/led_push_btn/inc" -I"C:/Users/ginuram/Desktop/Dekstop/bare_metal_c/led_push_btn/CMSIS/device" -I"C:/Users/ginuram/Desktop/Dekstop/bare_metal_c/led_push_btn/CMSIS/core" -I"C:/Users/ginuram/Desktop/Dekstop/bare_metal_c/led_push_btn/HAL_Driver/Inc" -O0 -g3 -Wall -fmessage-length=0 -ffunction-sections -c -MMD -MP -MF"HAL_Driver/Src/stm32f0xx_hal_usart.d" -MT"HAL_Driver/Src/stm32f0xx_hal_usart.o" -o "HAL_Driver/Src/stm32f0xx_hal_usart.o" "../HAL_Driver/Src/stm32f0xx_hal_usart.c"
Building file: ../HAL_Driver/Src/stm32f0xx_ll_comp.c
Invoking: MCU GCC Compiler
Finished building: ../HAL_Driver/Src/stm32f0xx_hal_rtc.c
Invoking: MCU GCC Compiler
Finished building: ../HAL_Driver/Src/stm32f0xx_hal_rtc_ex.c
Invoking: MCU GCC Compiler
Finished building: ../HAL_Driver/Src/stm32f0xx_hal_smartcard.c
C:\Users\ginuram\Desktop\Dekstop\bare_metal_c\led_push_btn\Debug
 
C:\Users\ginuram\Desktop\Dekstop\bare_metal_c\led_push_btn\Debug
arm-none-eabi-gcc -mcpu=cortex-m0 -mthumb -mfloat-abi=soft -DSTM32 -DSTM32F0 -DSTM32F030R8Tx -DNUCLEO_F030R8 -DDEBUG -DSTM32F030x8 -DUSE_HAL_DRIVER -I"C:/Users/ginuram/Desktop/Dekstop/bare_metal_c/led_push_btn/HAL_Driver/Inc/Legacy" -I"C:/Users/ginuram/Desktop/Dekstop/bare_metal_c/led_push_btn/Utilities/STM32F0xx-Nucleo" -I"C:/Users/ginuram/Desktop/Dekstop/bare_metal_c/led_push_btn/inc" -I"C:/Users/ginuram/Desktop/Dekstop/bare_metal_c/led_push_btn/CMSIS/device" -I"C:/Users/ginuram/Desktop/Dekstop/bare_metal_c/led_push_btn/CMSIS/core" -I"C:/Users/ginuram/Desktop/Dekstop/bare_metal_c/led_push_btn/HAL_Driver/Inc" -O0 -g3 -Wall -fmessage-length=0 -ffunction-sections -c -MMD -MP -MF"HAL_Driver/Src/stm32f0xx_hal_wwdg.d" -MT"HAL_Driver/Src/stm32f0xx_hal_wwdg.o" -o "HAL_Driver/Src/stm32f0xx_hal_wwdg.o" "../HAL_Driver/Src/stm32f0xx_hal_wwdg.c"
 
arm-none-eabi-gcc -mcpu=cortex-m0 -mthumb -mfloat-abi=soft -DSTM32 -DSTM32F0 -DSTM32F030R8Tx -DNUCLEO_F030R8 -DDEBUG -DSTM32F030x8 -DUSE_HAL_DRIVER -I"C:/Users/ginuram/Desktop/Dekstop/bare_metal_c/led_push_btn/HAL_Driver/Inc/Legacy" -I"C:/Users/ginuram/Desktop/Dekstop/bare_metal_c/led_push_btn/Utilities/STM32F0xx-Nucleo" -I"C:/Users/ginuram/Desktop/Dekstop/bare_metal_c/led_push_btn/inc" -I"C:/Users/ginuram/Desktop/Dekstop/bare_metal_c/led_push_btn/CMSIS/device" -I"C:/Users/ginuram/Desktop/Dekstop/bare_metal_c/led_push_btn/CMSIS/core" -I"C:/Users/ginuram/Desktop/Dekstop/bare_metal_c/led_push_btn/HAL_Driver/Inc" -O0 -g3 -Wall -fmessage-length=0 -ffunction-sections -c -MMD -MP -MF"HAL_Driver/Src/stm32f0xx_ll_adc.d" -MT"HAL_Driver/Src/stm32f0xx_ll_adc.o" -o "HAL_Driver/Src/stm32f0xx_ll_adc.o" "../HAL_Driver/Src/stm32f0xx_ll_adc.c"
C:\Users\ginuram\Desktop\Dekstop\bare_metal_c\led_push_btn\Debug
arm-none-eabi-gcc -mcpu=cortex-m0 -mthumb -mfloat-abi=soft -DSTM32 -DSTM32F0 -DSTM32F030R8Tx -DNUCLEO_F030R8 -DDEBUG -DSTM32F030x8 -DUSE_HAL_DRIVER -I"C:/Users/ginuram/Desktop/Dekstop/bare_metal_c/led_push_btn/HAL_Driver/Inc/Legacy" -I"C:/Users/ginuram/Desktop/Dekstop/bare_metal_c/led_push_btn/Utilities/STM32F0xx-Nucleo" -I"C:/Users/ginuram/Desktop/Dekstop/bare_metal_c/led_push_btn/inc" -I"C:/Users/ginuram/Desktop/Dekstop/bare_metal_c/led_push_btn/CMSIS/device" -I"C:/Users/ginuram/Desktop/Dekstop/bare_metal_c/led_push_btn/CMSIS/core" -I"C:/Users/ginuram/Desktop/Dekstop/bare_metal_c/led_push_btn/HAL_Driver/Inc" -O0 -g3 -Wall -fmessage-length=0 -ffunction-sections -c -MMD -MP -MF"HAL_Driver/Src/stm32f0xx_ll_comp.d" -MT"HAL_Driver/Src/stm32f0xx_ll_comp.o" -o "HAL_Driver/Src/stm32f0xx_ll_comp.o" "../HAL_Driver/Src/stm32f0xx_ll_comp.c"
 
Building file: ../HAL_Driver/Src/stm32f0xx_ll_crc.c
Building file: ../HAL_Driver/Src/stm32f0xx_ll_crs.c
Building file: ../HAL_Driver/Src/stm32f0xx_ll_dac.c
Invoking: MCU GCC Compiler
Invoking: MCU GCC Compiler
Invoking: MCU GCC Compiler
Finished building: ../HAL_Driver/Src/stm32f0xx_hal_smartcard_ex.c
C:\Users\ginuram\Desktop\Dekstop\bare_metal_c\led_push_btn\Debug
arm-none-eabi-gcc -mcpu=cortex-m0 -mthumb -mfloat-abi=soft -DSTM32 -DSTM32F0 -DSTM32F030R8Tx -DNUCLEO_F030R8 -DDEBUG -DSTM32F030x8 -DUSE_HAL_DRIVER -I"C:/Users/ginuram/Desktop/Dekstop/bare_metal_c/led_push_btn/HAL_Driver/Inc/Legacy" -I"C:/Users/ginuram/Desktop/Dekstop/bare_metal_c/led_push_btn/Utilities/STM32F0xx-Nucleo" -I"C:/Users/ginuram/Desktop/Dekstop/bare_metal_c/led_push_btn/inc" -I"C:/Users/ginuram/Desktop/Dekstop/bare_metal_c/led_push_btn/CMSIS/device" -I"C:/Users/ginuram/Desktop/Dekstop/bare_metal_c/led_push_btn/CMSIS/core" -I"C:/Users/ginuram/Desktop/Dekstop/bare_metal_c/led_push_btn/HAL_Driver/Inc" -O0 -g3 -Wall -fmessage-length=0 -ffunction-sections -c -MMD -MP -MF"HAL_Driver/Src/stm32f0xx_ll_crc.d" -MT"HAL_Driver/Src/stm32f0xx_ll_crc.o" -o "HAL_Driver/Src/stm32f0xx_ll_crc.o" "../HAL_Driver/Src/stm32f0xx_ll_crc.c"
C:\Users\ginuram\Desktop\Dekstop\bare_metal_c\led_push_btn\Debug
C:\Users\ginuram\Desktop\Dekstop\bare_metal_c\led_push_btn\Debug
arm-none-eabi-gcc -mcpu=cortex-m0 -mthumb -mfloat-abi=soft -DSTM32 -DSTM32F0 -DSTM32F030R8Tx -DNUCLEO_F030R8 -DDEBUG -DSTM32F030x8 -DUSE_HAL_DRIVER -I"C:/Users/ginuram/Desktop/Dekstop/bare_metal_c/led_push_btn/HAL_Driver/Inc/Legacy" -I"C:/Users/ginuram/Desktop/Dekstop/bare_metal_c/led_push_btn/Utilities/STM32F0xx-Nucleo" -I"C:/Users/ginuram/Desktop/Dekstop/bare_metal_c/led_push_btn/inc" -I"C:/Users/ginuram/Desktop/Dekstop/bare_metal_c/led_push_btn/CMSIS/device" -I"C:/Users/ginuram/Desktop/Dekstop/bare_metal_c/led_push_btn/CMSIS/core" -I"C:/Users/ginuram/Desktop/Dekstop/bare_metal_c/led_push_btn/HAL_Driver/Inc" -O0 -g3 -Wall -fmessage-length=0 -ffunction-sections -c -MMD -MP -MF"HAL_Driver/Src/stm32f0xx_ll_crs.d" -MT"HAL_Driver/Src/stm32f0xx_ll_crs.o" -o "HAL_Driver/Src/stm32f0xx_ll_crs.o" "../HAL_Driver/Src/stm32f0xx_ll_crs.c"
 
arm-none-eabi-gcc -mcpu=cortex-m0 -mthumb -mfloat-abi=soft -DSTM32 -DSTM32F0 -DSTM32F030R8Tx -DNUCLEO_F030R8 -DDEBUG -DSTM32F030x8 -DUSE_HAL_DRIVER -I"C:/Users/ginuram/Desktop/Dekstop/bare_metal_c/led_push_btn/HAL_Driver/Inc/Legacy" -I"C:/Users/ginuram/Desktop/Dekstop/bare_metal_c/led_push_btn/Utilities/STM32F0xx-Nucleo" -I"C:/Users/ginuram/Desktop/Dekstop/bare_metal_c/led_push_btn/inc" -I"C:/Users/ginuram/Desktop/Dekstop/bare_metal_c/led_push_btn/CMSIS/device" -I"C:/Users/ginuram/Desktop/Dekstop/bare_metal_c/led_push_btn/CMSIS/core" -I"C:/Users/ginuram/Desktop/Dekstop/bare_metal_c/led_push_btn/HAL_Driver/Inc" -O0 -g3 -Wall -fmessage-length=0 -ffunction-sections -c -MMD -MP -MF"HAL_Driver/Src/stm32f0xx_ll_dac.d" -MT"HAL_Driver/Src/stm32f0xx_ll_dac.o" -o "HAL_Driver/Src/stm32f0xx_ll_dac.o" "../HAL_Driver/Src/stm32f0xx_ll_dac.c"
Building file: ../HAL_Driver/Src/stm32f0xx_ll_dma.c
Finished building: ../HAL_Driver/Src/stm32f0xx_hal_spi_ex.c
Invoking: MCU GCC Compiler
Finished building: ../HAL_Driver/Src/stm32f0xx_hal_smbus.c
C:\Users\ginuram\Desktop\Dekstop\bare_metal_c\led_push_btn\Debug
 
arm-none-eabi-gcc -mcpu=cortex-m0 -mthumb -mfloat-abi=soft -DSTM32 -DSTM32F0 -DSTM32F030R8Tx -DNUCLEO_F030R8 -DDEBUG -DSTM32F030x8 -DUSE_HAL_DRIVER -I"C:/Users/ginuram/Desktop/Dekstop/bare_metal_c/led_push_btn/HAL_Driver/Inc/Legacy" -I"C:/Users/ginuram/Desktop/Dekstop/bare_metal_c/led_push_btn/Utilities/STM32F0xx-Nucleo" -I"C:/Users/ginuram/Desktop/Dekstop/bare_metal_c/led_push_btn/inc" -I"C:/Users/ginuram/Desktop/Dekstop/bare_metal_c/led_push_btn/CMSIS/device" -I"C:/Users/ginuram/Desktop/Dekstop/bare_metal_c/led_push_btn/CMSIS/core" -I"C:/Users/ginuram/Desktop/Dekstop/bare_metal_c/led_push_btn/HAL_Driver/Inc" -O0 -g3 -Wall -fmessage-length=0 -ffunction-sections -c -MMD -MP -MF"HAL_Driver/Src/stm32f0xx_ll_dma.d" -MT"HAL_Driver/Src/stm32f0xx_ll_dma.o" -o "HAL_Driver/Src/stm32f0xx_ll_dma.o" "../HAL_Driver/Src/stm32f0xx_ll_dma.c"
Finished building: ../HAL_Driver/Src/stm32f0xx_ll_adc.c
Finished building: ../HAL_Driver/Src/stm32f0xx_ll_comp.c
 
 
Building file: ../HAL_Driver/Src/stm32f0xx_ll_exti.c
 
Building file: ../HAL_Driver/Src/stm32f0xx_ll_gpio.c
Building file: ../HAL_Driver/Src/stm32f0xx_ll_i2c.c
Invoking: MCU GCC Compiler
Finished building: ../HAL_Driver/Src/stm32f0xx_hal_tim_ex.c
Finished building: ../HAL_Driver/Src/stm32f0xx_hal_tsc.c
Invoking: MCU GCC Compiler
Invoking: MCU GCC Compiler
Finished building: ../HAL_Driver/Src/stm32f0xx_hal_spi.c
C:\Users\ginuram\Desktop\Dekstop\bare_metal_c\led_push_btn\Debug
Finished building: ../HAL_Driver/Src/stm32f0xx_ll_crc.c
Finished building: ../HAL_Driver/Src/stm32f0xx_ll_crs.c
 
 
Finished building: ../HAL_Driver/Src/stm32f0xx_hal_uart_ex.c
C:\Users\ginuram\Desktop\Dekstop\bare_metal_c\led_push_btn\Debug
arm-none-eabi-gcc -mcpu=cortex-m0 -mthumb -mfloat-abi=soft -DSTM32 -DSTM32F0 -DSTM32F030R8Tx -DNUCLEO_F030R8 -DDEBUG -DSTM32F030x8 -DUSE_HAL_DRIVER -I"C:/Users/ginuram/Desktop/Dekstop/bare_metal_c/led_push_btn/HAL_Driver/Inc/Legacy" -I"C:/Users/ginuram/Desktop/Dekstop/bare_metal_c/led_push_btn/Utilities/STM32F0xx-Nucleo" -I"C:/Users/ginuram/Desktop/Dekstop/bare_metal_c/led_push_btn/inc" -I"C:/Users/ginuram/Desktop/Dekstop/bare_metal_c/led_push_btn/CMSIS/device" -I"C:/Users/ginuram/Desktop/Dekstop/bare_metal_c/led_push_btn/CMSIS/core" -I"C:/Users/ginuram/Desktop/Dekstop/bare_metal_c/led_push_btn/HAL_Driver/Inc" -O0 -g3 -Wall -fmessage-length=0 -ffunction-sections -c -MMD -MP -MF"HAL_Driver/Src/stm32f0xx_ll_exti.d" -MT"HAL_Driver/Src/stm32f0xx_ll_exti.o" -o "HAL_Driver/Src/stm32f0xx_ll_exti.o" "../HAL_Driver/Src/stm32f0xx_ll_exti.c"
Finished building: ../HAL_Driver/Src/stm32f0xx_ll_dac.c
C:\Users\ginuram\Desktop\Dekstop\bare_metal_c\led_push_btn\Debug
 
arm-none-eabi-gcc -mcpu=cortex-m0 -mthumb -mfloat-abi=soft -DSTM32 -DSTM32F0 -DSTM32F030R8Tx -DNUCLEO_F030R8 -DDEBUG -DSTM32F030x8 -DUSE_HAL_DRIVER -I"C:/Users/ginuram/Desktop/Dekstop/bare_metal_c/led_push_btn/HAL_Driver/Inc/Legacy" -I"C:/Users/ginuram/Desktop/Dekstop/bare_metal_c/led_push_btn/Utilities/STM32F0xx-Nucleo" -I"C:/Users/ginuram/Desktop/Dekstop/bare_metal_c/led_push_btn/inc" -I"C:/Users/ginuram/Desktop/Dekstop/bare_metal_c/led_push_btn/CMSIS/device" -I"C:/Users/ginuram/Desktop/Dekstop/bare_metal_c/led_push_btn/CMSIS/core" -I"C:/Users/ginuram/Desktop/Dekstop/bare_metal_c/led_push_btn/HAL_Driver/Inc" -O0 -g3 -Wall -fmessage-length=0 -ffunction-sections -c -MMD -MP -MF"HAL_Driver/Src/stm32f0xx_ll_gpio.d" -MT"HAL_Driver/Src/stm32f0xx_ll_gpio.o" -o "HAL_Driver/Src/stm32f0xx_ll_gpio.o" "../HAL_Driver/Src/stm32f0xx_ll_gpio.c"
 
 
arm-none-eabi-gcc -mcpu=cortex-m0 -mthumb -mfloat-abi=soft -DSTM32 -DSTM32F0 -DSTM32F030R8Tx -DNUCLEO_F030R8 -DDEBUG -DSTM32F030x8 -DUSE_HAL_DRIVER -I"C:/Users/ginuram/Desktop/Dekstop/bare_metal_c/led_push_btn/HAL_Driver/Inc/Legacy" -I"C:/Users/ginuram/Desktop/Dekstop/bare_metal_c/led_push_btn/Utilities/STM32F0xx-Nucleo" -I"C:/Users/ginuram/Desktop/Dekstop/bare_metal_c/led_push_btn/inc" -I"C:/Users/ginuram/Desktop/Dekstop/bare_metal_c/led_push_btn/CMSIS/device" -I"C:/Users/ginuram/Desktop/Dekstop/bare_metal_c/led_push_btn/CMSIS/core" -I"C:/Users/ginuram/Desktop/Dekstop/bare_metal_c/led_push_btn/HAL_Driver/Inc" -O0 -g3 -Wall -fmessage-length=0 -ffunction-sections -c -MMD -MP -MF"HAL_Driver/Src/stm32f0xx_ll_i2c.d" -MT"HAL_Driver/Src/stm32f0xx_ll_i2c.o" -o "HAL_Driver/Src/stm32f0xx_ll_i2c.o" "../HAL_Driver/Src/stm32f0xx_ll_i2c.c"
 
 
Building file: ../HAL_Driver/Src/stm32f0xx_ll_pwr.c
Finished building: ../HAL_Driver/Src/stm32f0xx_hal_uart.c
Finished building: ../HAL_Driver/Src/stm32f0xx_hal_wwdg.c
Building file: ../HAL_Driver/Src/stm32f0xx_ll_rcc.c
Finished building: ../HAL_Driver/Src/stm32f0xx_ll_dma.c
Invoking: MCU GCC Compiler
Finished building: ../HAL_Driver/Src/stm32f0xx_hal_usart.c
 
 
Finished building: ../HAL_Driver/Src/stm32f0xx_hal_tim.c
Invoking: MCU GCC Compiler
 
C:\Users\ginuram\Desktop\Dekstop\bare_metal_c\led_push_btn\Debug
arm-none-eabi-gcc -mcpu=cortex-m0 -mthumb -mfloat-abi=soft -DSTM32 -DSTM32F0 -DSTM32F030R8Tx -DNUCLEO_F030R8 -DDEBUG -DSTM32F030x8 -DUSE_HAL_DRIVER -I"C:/Users/ginuram/Desktop/Dekstop/bare_metal_c/led_push_btn/HAL_Driver/Inc/Legacy" -I"C:/Users/ginuram/Desktop/Dekstop/bare_metal_c/led_push_btn/Utilities/STM32F0xx-Nucleo" -I"C:/Users/ginuram/Desktop/Dekstop/bare_metal_c/led_push_btn/inc" -I"C:/Users/ginuram/Desktop/Dekstop/bare_metal_c/led_push_btn/CMSIS/device" -I"C:/Users/ginuram/Desktop/Dekstop/bare_metal_c/led_push_btn/CMSIS/core" -I"C:/Users/ginuram/Desktop/Dekstop/bare_metal_c/led_push_btn/HAL_Driver/Inc" -O0 -g3 -Wall -fmessage-length=0 -ffunction-sections -c -MMD -MP -MF"HAL_Driver/Src/stm32f0xx_ll_pwr.d" -MT"HAL_Driver/Src/stm32f0xx_ll_pwr.o" -o "HAL_Driver/Src/stm32f0xx_ll_pwr.o" "../HAL_Driver/Src/stm32f0xx_ll_pwr.c"
 
 
C:\Users\ginuram\Desktop\Dekstop\bare_metal_c\led_push_btn\Debug
arm-none-eabi-gcc -mcpu=cortex-m0 -mthumb -mfloat-abi=soft -DSTM32 -DSTM32F0 -DSTM32F030R8Tx -DNUCLEO_F030R8 -DDEBUG -DSTM32F030x8 -DUSE_HAL_DRIVER -I"C:/Users/ginuram/Desktop/Dekstop/bare_metal_c/led_push_btn/HAL_Driver/Inc/Legacy" -I"C:/Users/ginuram/Desktop/Dekstop/bare_metal_c/led_push_btn/Utilities/STM32F0xx-Nucleo" -I"C:/Users/ginuram/Desktop/Dekstop/bare_metal_c/led_push_btn/inc" -I"C:/Users/ginuram/Desktop/Dekstop/bare_metal_c/led_push_btn/CMSIS/device" -I"C:/Users/ginuram/Desktop/Dekstop/bare_metal_c/led_push_btn/CMSIS/core" -I"C:/Users/ginuram/Desktop/Dekstop/bare_metal_c/led_push_btn/HAL_Driver/Inc" -O0 -g3 -Wall -fmessage-length=0 -ffunction-sections -c -MMD -MP -MF"HAL_Driver/Src/stm32f0xx_ll_rcc.d" -MT"HAL_Driver/Src/stm32f0xx_ll_rcc.o" -o "HAL_Driver/Src/stm32f0xx_ll_rcc.o" "../HAL_Driver/Src/stm32f0xx_ll_rcc.c"
Building file: ../HAL_Driver/Src/stm32f0xx_ll_rtc.c
Building file: ../HAL_Driver/Src/stm32f0xx_ll_spi.c
Invoking: MCU GCC Compiler
Building file: ../HAL_Driver/Src/stm32f0xx_ll_tim.c
Invoking: MCU GCC Compiler
Finished building: ../HAL_Driver/Src/stm32f0xx_ll_exti.c
C:\Users\ginuram\Desktop\Dekstop\bare_metal_c\led_push_btn\Debug
Invoking: MCU GCC Compiler
C:\Users\ginuram\Desktop\Dekstop\bare_metal_c\led_push_btn\Debug
arm-none-eabi-gcc -mcpu=cortex-m0 -mthumb -mfloat-abi=soft -DSTM32 -DSTM32F0 -DSTM32F030R8Tx -DNUCLEO_F030R8 -DDEBUG -DSTM32F030x8 -DUSE_HAL_DRIVER -I"C:/Users/ginuram/Desktop/Dekstop/bare_metal_c/led_push_btn/HAL_Driver/Inc/Legacy" -I"C:/Users/ginuram/Desktop/Dekstop/bare_metal_c/led_push_btn/Utilities/STM32F0xx-Nucleo" -I"C:/Users/ginuram/Desktop/Dekstop/bare_metal_c/led_push_btn/inc" -I"C:/Users/ginuram/Desktop/Dekstop/bare_metal_c/led_push_btn/CMSIS/device" -I"C:/Users/ginuram/Desktop/Dekstop/bare_metal_c/led_push_btn/CMSIS/core" -I"C:/Users/ginuram/Desktop/Dekstop/bare_metal_c/led_push_btn/HAL_Driver/Inc" -O0 -g3 -Wall -fmessage-length=0 -ffunction-sections -c -MMD -MP -MF"HAL_Driver/Src/stm32f0xx_ll_rtc.d" -MT"HAL_Driver/Src/stm32f0xx_ll_rtc.o" -o "HAL_Driver/Src/stm32f0xx_ll_rtc.o" "../HAL_Driver/Src/stm32f0xx_ll_rtc.c"
 
Finished building: ../HAL_Driver/Src/stm32f0xx_ll_gpio.c
arm-none-eabi-gcc -mcpu=cortex-m0 -mthumb -mfloat-abi=soft -DSTM32 -DSTM32F0 -DSTM32F030R8Tx -DNUCLEO_F030R8 -DDEBUG -DSTM32F030x8 -DUSE_HAL_DRIVER -I"C:/Users/ginuram/Desktop/Dekstop/bare_metal_c/led_push_btn/HAL_Driver/Inc/Legacy" -I"C:/Users/ginuram/Desktop/Dekstop/bare_metal_c/led_push_btn/Utilities/STM32F0xx-Nucleo" -I"C:/Users/ginuram/Desktop/Dekstop/bare_metal_c/led_push_btn/inc" -I"C:/Users/ginuram/Desktop/Dekstop/bare_metal_c/led_push_btn/CMSIS/device" -I"C:/Users/ginuram/Desktop/Dekstop/bare_metal_c/led_push_btn/CMSIS/core" -I"C:/Users/ginuram/Desktop/Dekstop/bare_metal_c/led_push_btn/HAL_Driver/Inc" -O0 -g3 -Wall -fmessage-length=0 -ffunction-sections -c -MMD -MP -MF"HAL_Driver/Src/stm32f0xx_ll_spi.d" -MT"HAL_Driver/Src/stm32f0xx_ll_spi.o" -o "HAL_Driver/Src/stm32f0xx_ll_spi.o" "../HAL_Driver/Src/stm32f0xx_ll_spi.c"
Finished building: ../HAL_Driver/Src/stm32f0xx_ll_i2c.c
C:\Users\ginuram\Desktop\Dekstop\bare_metal_c\led_push_btn\Debug
arm-none-eabi-gcc -mcpu=cortex-m0 -mthumb -mfloat-abi=soft -DSTM32 -DSTM32F0 -DSTM32F030R8Tx -DNUCLEO_F030R8 -DDEBUG -DSTM32F030x8 -DUSE_HAL_DRIVER -I"C:/Users/ginuram/Desktop/Dekstop/bare_metal_c/led_push_btn/HAL_Driver/Inc/Legacy" -I"C:/Users/ginuram/Desktop/Dekstop/bare_metal_c/led_push_btn/Utilities/STM32F0xx-Nucleo" -I"C:/Users/ginuram/Desktop/Dekstop/bare_metal_c/led_push_btn/inc" -I"C:/Users/ginuram/Desktop/Dekstop/bare_metal_c/led_push_btn/CMSIS/device" -I"C:/Users/ginuram/Desktop/Dekstop/bare_metal_c/led_push_btn/CMSIS/core" -I"C:/Users/ginuram/Desktop/Dekstop/bare_metal_c/led_push_btn/HAL_Driver/Inc" -O0 -g3 -Wall -fmessage-length=0 -ffunction-sections -c -MMD -MP -MF"HAL_Driver/Src/stm32f0xx_ll_tim.d" -MT"HAL_Driver/Src/stm32f0xx_ll_tim.o" -o "HAL_Driver/Src/stm32f0xx_ll_tim.o" "../HAL_Driver/Src/stm32f0xx_ll_tim.c"
 
 
Building file: ../HAL_Driver/Src/stm32f0xx_ll_usart.c
Building file: ../HAL_Driver/Src/stm32f0xx_ll_utils.c
Invoking: MCU GCC Compiler
Invoking: MCU GCC Compiler
C:\Users\ginuram\Desktop\Dekstop\bare_metal_c\led_push_btn\Debug
arm-none-eabi-gcc -mcpu=cortex-m0 -mthumb -mfloat-abi=soft -DSTM32 -DSTM32F0 -DSTM32F030R8Tx -DNUCLEO_F030R8 -DDEBUG -DSTM32F030x8 -DUSE_HAL_DRIVER -I"C:/Users/ginuram/Desktop/Dekstop/bare_metal_c/led_push_btn/HAL_Driver/Inc/Legacy" -I"C:/Users/ginuram/Desktop/Dekstop/bare_metal_c/led_push_btn/Utilities/STM32F0xx-Nucleo" -I"C:/Users/ginuram/Desktop/Dekstop/bare_metal_c/led_push_btn/inc" -I"C:/Users/ginuram/Desktop/Dekstop/bare_metal_c/led_push_btn/CMSIS/device" -I"C:/Users/ginuram/Desktop/Dekstop/bare_metal_c/led_push_btn/CMSIS/core" -I"C:/Users/ginuram/Desktop/Dekstop/bare_metal_c/led_push_btn/HAL_Driver/Inc" -O0 -g3 -Wall -fmessage-length=0 -ffunction-sections -c -MMD -MP -MF"HAL_Driver/Src/stm32f0xx_ll_usart.d" -MT"HAL_Driver/Src/stm32f0xx_ll_usart.o" -o "HAL_Driver/Src/stm32f0xx_ll_usart.o" "../HAL_Driver/Src/stm32f0xx_ll_usart.c"
Finished building: ../HAL_Driver/Src/stm32f0xx_ll_pwr.c
C:\Users\ginuram\Desktop\Dekstop\bare_metal_c\led_push_btn\Debug
arm-none-eabi-gcc -mcpu=cortex-m0 -mthumb -mfloat-abi=soft -DSTM32 -DSTM32F0 -DSTM32F030R8Tx -DNUCLEO_F030R8 -DDEBUG -DSTM32F030x8 -DUSE_HAL_DRIVER -I"C:/Users/ginuram/Desktop/Dekstop/bare_metal_c/led_push_btn/HAL_Driver/Inc/Legacy" -I"C:/Users/ginuram/Desktop/Dekstop/bare_metal_c/led_push_btn/Utilities/STM32F0xx-Nucleo" -I"C:/Users/ginuram/Desktop/Dekstop/bare_metal_c/led_push_btn/inc" -I"C:/Users/ginuram/Desktop/Dekstop/bare_metal_c/led_push_btn/CMSIS/device" -I"C:/Users/ginuram/Desktop/Dekstop/bare_metal_c/led_push_btn/CMSIS/core" -I"C:/Users/ginuram/Desktop/Dekstop/bare_metal_c/led_push_btn/HAL_Driver/Inc" -O0 -g3 -Wall -fmessage-length=0 -ffunction-sections -c -MMD -MP -MF"HAL_Driver/Src/stm32f0xx_ll_utils.d" -MT"HAL_Driver/Src/stm32f0xx_ll_utils.o" -o "HAL_Driver/Src/stm32f0xx_ll_utils.o" "../HAL_Driver/Src/stm32f0xx_ll_utils.c"
Finished building: ../HAL_Driver/Src/stm32f0xx_ll_rcc.c
 
 
Finished building: ../HAL_Driver/Src/stm32f0xx_ll_rtc.c
Finished building: ../HAL_Driver/Src/stm32f0xx_ll_spi.c
 
Finished building: ../HAL_Driver/Src/stm32f0xx_ll_tim.c
 
 
Finished building: ../HAL_Driver/Src/stm32f0xx_ll_usart.c
 
Finished building: ../HAL_Driver/Src/stm32f0xx_ll_utils.c
 
Building target: led_push_btn.elf
Invoking: MCU GCC Linker
arm-none-eabi-gcc -mcpu=cortex-m0 -mthumb -mfloat-abi=soft -T"C:/Users/ginuram/Desktop/Dekstop/bare_metal_c/led_push_btn/LinkerScript.ld" -Wl,-Map=output.map -Wl,--gc-sections -o "led_push_btn.elf" @"objects.list"   -lm
Finished building target: led_push_btn.elf
 
make --no-print-directory post-build
Generating binary and Printing size information:
arm-none-eabi-objcopy -O binary "led_push_btn.elf" "led_push_btn.bin"
arm-none-eabi-size "led_push_btn.elf"
   text	   data	    bss	    dec	    hex	filename
   2840	   1088	   1604	   5532	   159c	led_push_btn.elf
 
23:56:20 **** Incremental Build of configuration Debug for project led_push_btn ****
make -j16 all 
make: Nothing to be done for 'all'.
23:57:08 **** Incremental Build of configuration Debug for project led_push_btn ****
make -j16 all 
make: Nothing to be done for 'all'.
